paolo@paolo-VirtualBox:~$ pip install virtualenv
The program 'pip' is currently not installed. You can install it by typing:
sudo apt install python-pip
paolo@paolo-VirtualBox:~$ sudo apt install python-pip
[sudo] password for paolo: 
Sorry, try again.
[sudo] password for paolo: 
Reading package lists... Done
Building dependency tree       
Reading state information... Done
The following additional packages will be installed:
  libexpat1-dev libpython-all-dev libpython-dev libpython2.7-dev python-all
  python-all-dev python-dev python-pip-whl python-pkg-resources
  python-setuptools python-wheel python2.7-dev
Suggested packages:
  python-setuptools-doc
The following NEW packages will be installed
  libexpat1-dev libpython-all-dev libpython-dev libpython2.7-dev python-all
  python-all-dev python-dev python-pip python-pip-whl python-pkg-resources
  python-setuptools python-wheel python2.7-dev
0 to upgrade, 13 to newly install, 0 to remove and 16 not to upgrade.
Need to get 29.8 MB of archives.
After this operation, 45.1 MB of additional disk space will be used.
Do you want to continue? [Y/n] y
Get:1 http://gb.archive.ubuntu.com/ubuntu xenial-updates/main amd64 libexpat1-dev amd64 2.1.0-7ubuntu0.16.04.3 [115 kB]
Get:2 http://gb.archive.ubuntu.com/ubuntu xenial-updates/main amd64 libpython2.7-dev amd64 2.7.12-1ubuntu0~16.04.1 [27.8 MB]
Get:3 http://gb.archive.ubuntu.com/ubuntu xenial/main amd64 libpython-dev amd64 2.7.11-1 [7,728 B]
Get:4 http://gb.archive.ubuntu.com/ubuntu xenial/main amd64 libpython-all-dev amd64 2.7.11-1 [992 B]
Get:5 http://gb.archive.ubuntu.com/ubuntu xenial/main amd64 python-all amd64 2.7.11-1 [978 B]
Get:6 http://gb.archive.ubuntu.com/ubuntu xenial-updates/main amd64 python2.7-dev amd64 2.7.12-1ubuntu0~16.04.1 [276 kB]
Get:7 http://gb.archive.ubuntu.com/ubuntu xenial/main amd64 python-dev amd64 2.7.11-1 [1,160 B]
Get:8 http://gb.archive.ubuntu.com/ubuntu xenial/main amd64 python-all-dev amd64 2.7.11-1 [1,000 B]
Get:9 http://gb.archive.ubuntu.com/ubuntu xenial-updates/universe amd64 python-pip-whl all 8.1.1-2ubuntu0.4 [1,110 kB]
Get:10 http://gb.archive.ubuntu.com/ubuntu xenial-updates/universe amd64 python-pip all 8.1.1-2ubuntu0.4 [144 kB]
Get:11 http://gb.archive.ubuntu.com/ubuntu xenial/main amd64 python-pkg-resources all 20.7.0-1 [108 kB]
Get:12 http://gb.archive.ubuntu.com/ubuntu xenial/main amd64 python-setuptools all 20.7.0-1 [169 kB]
Get:13 http://gb.archive.ubuntu.com/ubuntu xenial/universe amd64 python-wheel all 0.29.0-1 [48.0 kB]
Fetched 29.8 MB in 13s (2,211 kB/s)                                            
Selecting previously unselected package libexpat1-dev:amd64.
(Reading database ... 176408 files and directories currently installed.)
Preparing to unpack .../libexpat1-dev_2.1.0-7ubuntu0.16.04.3_amd64.deb ...
Unpacking libexpat1-dev:amd64 (2.1.0-7ubuntu0.16.04.3) ...
Selecting previously unselected package libpython2.7-dev:amd64.
Preparing to unpack .../libpython2.7-dev_2.7.12-1ubuntu0~16.04.1_amd64.deb ...
Unpacking libpython2.7-dev:amd64 (2.7.12-1ubuntu0~16.04.1) ...
Selecting previously unselected package libpython-dev:amd64.
Preparing to unpack .../libpython-dev_2.7.11-1_amd64.deb ...
Unpacking libpython-dev:amd64 (2.7.11-1) ...
Selecting previously unselected package libpython-all-dev:amd64.
Preparing to unpack .../libpython-all-dev_2.7.11-1_amd64.deb ...
Unpacking libpython-all-dev:amd64 (2.7.11-1) ...
Selecting previously unselected package python-all.
Preparing to unpack .../python-all_2.7.11-1_amd64.deb ...
Unpacking python-all (2.7.11-1) ...
Selecting previously unselected package python2.7-dev.
Preparing to unpack .../python2.7-dev_2.7.12-1ubuntu0~16.04.1_amd64.deb ...
Unpacking python2.7-dev (2.7.12-1ubuntu0~16.04.1) ...
Selecting previously unselected package python-dev.
Preparing to unpack .../python-dev_2.7.11-1_amd64.deb ...
Unpacking python-dev (2.7.11-1) ...
Selecting previously unselected package python-all-dev.
Preparing to unpack .../python-all-dev_2.7.11-1_amd64.deb ...
Unpacking python-all-dev (2.7.11-1) ...
Selecting previously unselected package python-pip-whl.
Preparing to unpack .../python-pip-whl_8.1.1-2ubuntu0.4_all.deb ...
Unpacking python-pip-whl (8.1.1-2ubuntu0.4) ...
Selecting previously unselected package python-pip.
Preparing to unpack .../python-pip_8.1.1-2ubuntu0.4_all.deb ...
Unpacking python-pip (8.1.1-2ubuntu0.4) ...
Selecting previously unselected package python-pkg-resources.
Preparing to unpack .../python-pkg-resources_20.7.0-1_all.deb ...
Unpacking python-pkg-resources (20.7.0-1) ...
Selecting previously unselected package python-setuptools.
Preparing to unpack .../python-setuptools_20.7.0-1_all.deb ...
Unpacking python-setuptools (20.7.0-1) ...
Selecting previously unselected package python-wheel.
Preparing to unpack .../python-wheel_0.29.0-1_all.deb ...
Unpacking python-wheel (0.29.0-1) ...
Processing triggers for doc-base (0.10.7) ...
Processing 1 added doc-base file...
Processing triggers for man-db (2.7.5-1) ...
Setting up libexpat1-dev:amd64 (2.1.0-7ubuntu0.16.04.3) ...
Setting up libpython2.7-dev:amd64 (2.7.12-1ubuntu0~16.04.1) ...
Setting up libpython-dev:amd64 (2.7.11-1) ...
Setting up libpython-all-dev:amd64 (2.7.11-1) ...
Setting up python-all (2.7.11-1) ...
Setting up python2.7-dev (2.7.12-1ubuntu0~16.04.1) ...
Setting up python-dev (2.7.11-1) ...
Setting up python-all-dev (2.7.11-1) ...
Setting up python-pip-whl (8.1.1-2ubuntu0.4) ...
Setting up python-pip (8.1.1-2ubuntu0.4) ...
Setting up python-pkg-resources (20.7.0-1) ...
Setting up python-setuptools (20.7.0-1) ...
Setting up python-wheel (0.29.0-1) ...
paolo@paolo-VirtualBox:~$ pip install virtualenv
Collecting virtualenv
  Downloading virtualenv-15.1.0-py2.py3-none-any.whl (1.8MB)
    100% |████████████████████████████████| 1.8MB 476kB/s 
Installing collected packages: virtualenv
Successfully installed virtualenv
You are using pip version 8.1.1, however version 9.0.1 is available.
You should consider upgrading via the 'pip install --upgrade pip' command.
paolo@paolo-VirtualBox:~$ pip install --upgrade pip
Collecting pip
  Downloading pip-9.0.1-py2.py3-none-any.whl (1.3MB)
    100% |████████████████████████████████| 1.3MB 648kB/s 
Installing collected packages: pip
Successfully installed pip-9.0.1
paolo@paolo-VirtualBox:~$ mkvirtualenv cameo
mkvirtualenv: command not found
paolo@paolo-VirtualBox:~$ mkvirtualenv 
mkvirtualenv: command not found
paolo@paolo-VirtualBox:~$ virtualenv
You must provide a DEST_DIR
Usage: virtualenv [OPTIONS] DEST_DIR

Options:
  --version             show program's version number and exit
  -h, --help            show this help message and exit
  -v, --verbose         Increase verbosity.
  -q, --quiet           Decrease verbosity.
  -p PYTHON_EXE, --python=PYTHON_EXE
                        The Python interpreter to use, e.g.,
                        --python=python2.5 will use the python2.5 interpreter
                        to create the new environment.  The default is the
                        interpreter that virtualenv was installed with
                        (/usr/bin/python)
  --clear               Clear out the non-root install and start from scratch.
  --no-site-packages    DEPRECATED. Retained only for backward compatibility.
                        Not having access to global site-packages is now the
                        default behavior.
  --system-site-packages
                        Give the virtual environment access to the global
                        site-packages.
  --always-copy         Always copy files rather than symlinking.
  --unzip-setuptools    Unzip Setuptools when installing it.
  --relocatable         Make an EXISTING virtualenv environment relocatable.
                        This fixes up scripts and makes all .pth files
                        relative.
  --no-setuptools       Do not install setuptools in the new virtualenv.
  --no-pip              Do not install pip in the new virtualenv.
  --no-wheel            Do not install wheel in the new virtualenv.
  --extra-search-dir=DIR
                        Directory to look for setuptools/pip distributions in.
                        This option can be used multiple times.
  --download            Download preinstalled packages from PyPI.
  --no-download, --never-download
                        Do not download preinstalled packages from PyPI.
  --prompt=PROMPT       Provides an alternative prompt prefix for this
                        environment.
  --setuptools          DEPRECATED. Retained only for backward compatibility.
                        This option has no effect.
  --distribute          DEPRECATED. Retained only for backward compatibility.
                        This option has no effect.
paolo@paolo-VirtualBox:~$ virtualenv cameo
New python executable in /home/paolo/cameo/bin/python
Installing setuptools, pip, wheel...done.
paolo@paolo-VirtualBox:~$ workon cameo
workon: command not found
paolo@paolo-VirtualBox:~$ pip install virtualenvwrapper
Collecting virtualenvwrapper
  Downloading virtualenvwrapper-4.8.2-py2.py3-none-any.whl
Collecting virtualenv-clone (from virtualenvwrapper)
  Downloading virtualenv-clone-0.2.6.tar.gz
Collecting stevedore (from virtualenvwrapper)
  Downloading stevedore-1.27.1-py2.py3-none-any.whl
Requirement already satisfied: virtualenv in ./.local/lib/python2.7/site-packages (from virtualenvwrapper)
Collecting pbr!=2.1.0,>=2.0.0 (from stevedore->virtualenvwrapper)
  Downloading pbr-3.1.1-py2.py3-none-any.whl (99kB)
    100% |████████████████████████████████| 102kB 1.2MB/s 
Collecting six>=1.9.0 (from stevedore->virtualenvwrapper)
  Downloading six-1.11.0-py2.py3-none-any.whl
Building wheels for collected packages: virtualenv-clone
  Running setup.py bdist_wheel for virtualenv-clone ... done
  Stored in directory: /home/paolo/.cache/pip/wheels/24/51/ef/93120d304d240b4b6c2066454250a1626e04f73d34417b956d
Successfully built virtualenv-clone
Installing collected packages: virtualenv-clone, pbr, six, stevedore, virtualenvwrapper
Exception:
Traceback (most recent call last):
  File "/home/paolo/.local/lib/python2.7/site-packages/pip/basecommand.py", line 215, in main
    status = self.run(options, args)
  File "/home/paolo/.local/lib/python2.7/site-packages/pip/commands/install.py", line 342, in run
    prefix=options.prefix_path,
  File "/home/paolo/.local/lib/python2.7/site-packages/pip/req/req_set.py", line 784, in install
    **kwargs
  File "/home/paolo/.local/lib/python2.7/site-packages/pip/req/req_install.py", line 851, in install
    self.move_wheel_files(self.source_dir, root=root, prefix=prefix)
  File "/home/paolo/.local/lib/python2.7/site-packages/pip/req/req_install.py", line 1064, in move_wheel_files
    isolated=self.isolated,
  File "/home/paolo/.local/lib/python2.7/site-packages/pip/wheel.py", line 345, in move_wheel_files
    clobber(source, lib_dir, True)
  File "/home/paolo/.local/lib/python2.7/site-packages/pip/wheel.py", line 323, in clobber
    shutil.copyfile(srcfile, destfile)
  File "/usr/lib/python2.7/shutil.py", line 83, in copyfile
    with open(dst, 'wb') as fdst:
IOError: [Errno 13] Permission denied: '/usr/local/lib/python2.7/dist-packages/clonevirtualenv.pyc'
paolo@paolo-VirtualBox:~$ ^C
paolo@paolo-VirtualBox:~$ mkvirtualenv test
mkvirtualenv: command not found
paolo@paolo-VirtualBox:~$ pip install virtualenvwrapper --no-cache-dir
Collecting virtualenvwrapper
  Downloading virtualenvwrapper-4.8.2-py2.py3-none-any.whl
Collecting virtualenv-clone (from virtualenvwrapper)
  Downloading virtualenv-clone-0.2.6.tar.gz
Collecting stevedore (from virtualenvwrapper)
  Downloading stevedore-1.27.1-py2.py3-none-any.whl
Requirement already satisfied: virtualenv in ./.local/lib/python2.7/site-packages (from virtualenvwrapper)
Collecting pbr!=2.1.0,>=2.0.0 (from stevedore->virtualenvwrapper)
  Downloading pbr-3.1.1-py2.py3-none-any.whl (99kB)
    100% |████████████████████████████████| 102kB 1.3MB/s 
Collecting six>=1.9.0 (from stevedore->virtualenvwrapper)
  Downloading six-1.11.0-py2.py3-none-any.whl
Installing collected packages: virtualenv-clone, pbr, six, stevedore, virtualenvwrapper
  Running setup.py install for virtualenv-clone ... error
    Complete output from command /usr/bin/python -u -c "import setuptools, tokenize;__file__='/tmp/pip-build-fct5z1/virtualenv-clone/setup.py';f=getattr(tokenize, 'open', open)(__file__);code=f.read().replace('\r\n', '\n');f.close();exec(compile(code, __file__, 'exec'))" install --record /tmp/pip-YRitHj-record/install-record.txt --single-version-externally-managed --compile:
    running install
    running build
    running build_py
    creating build
    creating build/lib.linux-x86_64-2.7
    copying clonevirtualenv.py -> build/lib.linux-x86_64-2.7
    running install_lib
    copying build/lib.linux-x86_64-2.7/clonevirtualenv.py -> /usr/local/lib/python2.7/dist-packages
    error: [Errno 13] Permission denied: '/usr/local/lib/python2.7/dist-packages/clonevirtualenv.py'
    
    ----------------------------------------
Command "/usr/bin/python -u -c "import setuptools, tokenize;__file__='/tmp/pip-build-fct5z1/virtualenv-clone/setup.py';f=getattr(tokenize, 'open', open)(__file__);code=f.read().replace('\r\n', '\n');f.close();exec(compile(code, __file__, 'exec'))" install --record /tmp/pip-YRitHj-record/install-record.txt --single-version-externally-managed --compile" failed with error code 1 in /tmp/pip-build-fct5z1/virtualenv-clone/
paolo@paolo-VirtualBox:~$ ^C
paolo@paolo-VirtualBox:~$ mkvirtualenv test
mkvirtualenv: command not found
paolo@paolo-VirtualBox:~$ virtualenv
You must provide a DEST_DIR
Usage: virtualenv [OPTIONS] DEST_DIR

Options:
  --version             show program's version number and exit
  -h, --help            show this help message and exit
  -v, --verbose         Increase verbosity.
  -q, --quiet           Decrease verbosity.
  -p PYTHON_EXE, --python=PYTHON_EXE
                        The Python interpreter to use, e.g.,
                        --python=python2.5 will use the python2.5 interpreter
                        to create the new environment.  The default is the
                        interpreter that virtualenv was installed with
                        (/usr/bin/python)
  --clear               Clear out the non-root install and start from scratch.
  --no-site-packages    DEPRECATED. Retained only for backward compatibility.
                        Not having access to global site-packages is now the
                        default behavior.
  --system-site-packages
                        Give the virtual environment access to the global
                        site-packages.
  --always-copy         Always copy files rather than symlinking.
  --unzip-setuptools    Unzip Setuptools when installing it.
  --relocatable         Make an EXISTING virtualenv environment relocatable.
                        This fixes up scripts and makes all .pth files
                        relative.
  --no-setuptools       Do not install setuptools in the new virtualenv.
  --no-pip              Do not install pip in the new virtualenv.
  --no-wheel            Do not install wheel in the new virtualenv.
  --extra-search-dir=DIR
                        Directory to look for setuptools/pip distributions in.
                        This option can be used multiple times.
  --download            Download preinstalled packages from PyPI.
  --no-download, --never-download
                        Do not download preinstalled packages from PyPI.
  --prompt=PROMPT       Provides an alternative prompt prefix for this
                        environment.
  --setuptools          DEPRECATED. Retained only for backward compatibility.
                        This option has no effect.
  --distribute          DEPRECATED. Retained only for backward compatibility.
                        This option has no effect.
paolo@paolo-VirtualBox:~$ pip install virtualenvwrapper
Collecting virtualenvwrapper
  Using cached virtualenvwrapper-4.8.2-py2.py3-none-any.whl
Collecting virtualenv-clone (from virtualenvwrapper)
Collecting stevedore (from virtualenvwrapper)
  Using cached stevedore-1.27.1-py2.py3-none-any.whl
Requirement already satisfied: virtualenv in ./.local/lib/python2.7/site-packages (from virtualenvwrapper)
Collecting pbr!=2.1.0,>=2.0.0 (from stevedore->virtualenvwrapper)
  Using cached pbr-3.1.1-py2.py3-none-any.whl
Collecting six>=1.9.0 (from stevedore->virtualenvwrapper)
  Using cached six-1.11.0-py2.py3-none-any.whl
Installing collected packages: virtualenv-clone, pbr, six, stevedore, virtualenvwrapper
Exception:
Traceback (most recent call last):
  File "/home/paolo/.local/lib/python2.7/site-packages/pip/basecommand.py", line 215, in main
    status = self.run(options, args)
  File "/home/paolo/.local/lib/python2.7/site-packages/pip/commands/install.py", line 342, in run
    prefix=options.prefix_path,
  File "/home/paolo/.local/lib/python2.7/site-packages/pip/req/req_set.py", line 784, in install
    **kwargs
  File "/home/paolo/.local/lib/python2.7/site-packages/pip/req/req_install.py", line 851, in install
    self.move_wheel_files(self.source_dir, root=root, prefix=prefix)
  File "/home/paolo/.local/lib/python2.7/site-packages/pip/req/req_install.py", line 1064, in move_wheel_files
    isolated=self.isolated,
  File "/home/paolo/.local/lib/python2.7/site-packages/pip/wheel.py", line 345, in move_wheel_files
    clobber(source, lib_dir, True)
  File "/home/paolo/.local/lib/python2.7/site-packages/pip/wheel.py", line 323, in clobber
    shutil.copyfile(srcfile, destfile)
  File "/usr/lib/python2.7/shutil.py", line 83, in copyfile
    with open(dst, 'wb') as fdst:
IOError: [Errno 13] Permission denied: '/usr/local/lib/python2.7/dist-packages/clonevirtualenv.pyc'
paolo@paolo-VirtualBox:~$ ^C
paolo@paolo-VirtualBox:~$ pip install --user virtualenvwrapper
Collecting virtualenvwrapper
  Using cached virtualenvwrapper-4.8.2-py2.py3-none-any.whl
Collecting virtualenv-clone (from virtualenvwrapper)
Collecting stevedore (from virtualenvwrapper)
  Using cached stevedore-1.27.1-py2.py3-none-any.whl
Requirement already satisfied: virtualenv in ./.local/lib/python2.7/site-packages (from virtualenvwrapper)
Collecting pbr!=2.1.0,>=2.0.0 (from stevedore->virtualenvwrapper)
  Using cached pbr-3.1.1-py2.py3-none-any.whl
Collecting six>=1.9.0 (from stevedore->virtualenvwrapper)
  Using cached six-1.11.0-py2.py3-none-any.whl
Installing collected packages: virtualenv-clone, pbr, six, stevedore, virtualenvwrapper
Successfully installed pbr-3.1.1 six-1.11.0 stevedore-1.27.1 virtualenv-clone-0.2.6 virtualenvwrapper-4.8.2
paolo@paolo-VirtualBox:~$ ^C
paolo@paolo-VirtualBox:~$ mkvirtualenv
mkvirtualenv: command not found
paolo@paolo-VirtualBox:~$ mkvirtualenv cameo
mkvirtualenv: command not found
paolo@paolo-VirtualBox:~$ virtualennvwrapper
virtualennvwrapper: command not found
paolo@paolo-VirtualBox:~$ virtualenvwrapper
virtualenvwrapper: command not found
paolo@paolo-VirtualBox:~$ pip install --user virtualenv
Requirement already satisfied: virtualenv in ./.local/lib/python2.7/site-packages
paolo@paolo-VirtualBox:~$ pip install --user virtualenvwrapper
Requirement already satisfied: virtualenvwrapper in ./.local/lib/python2.7/site-packages
Requirement already satisfied: virtualenv-clone in ./.local/lib/python2.7/site-packages (from virtualenvwrapper)
Requirement already satisfied: stevedore in ./.local/lib/python2.7/site-packages (from virtualenvwrapper)
Requirement already satisfied: virtualenv in ./.local/lib/python2.7/site-packages (from virtualenvwrapper)
Requirement already satisfied: pbr!=2.1.0,>=2.0.0 in ./.local/lib/python2.7/site-packages (from stevedore->virtualenvwrapper)
Requirement already satisfied: six>=1.9.0 in ./.local/lib/python2.7/site-packages (from stevedore->virtualenvwrapper)
paolo@paolo-VirtualBox:~$ export WORKON_HOME=~/Envs
paolo@paolo-VirtualBox:~$ mkdir -p $WORKON_HOME
paolo@paolo-VirtualBox:~$ source /usr/local/bin/virtualenvwrapper.sh
bash: /usr/local/bin/virtualenvwrapper.sh: No such file or directory
paolo@paolo-VirtualBox:~$ ^C
paolo@paolo-VirtualBox:~$ find / -name virtualenvwrapper.sh
find: ‘/etc/ssl/private’: Permission denied
find: ‘/etc/polkit-1/localauthority’: Permission denied
find: ‘/etc/cups/ssl’: Permission denied
find: ‘/proc/tty/driver’: Permission denied
find: ‘/proc/1/task/1/fd’: Permission denied
find: ‘/proc/1/task/1/fdinfo’: Permission denied
find: ‘/proc/1/task/1/ns’: Permission denied
find: ‘/proc/1/fd’: Permission denied
find: ‘/proc/1/map_files’: Permission denied
find: ‘/proc/1/fdinfo’: Permission denied
find: ‘/proc/1/ns’: Permission denied
find: ‘/proc/2/task/2/fd’: Permission denied
find: ‘/proc/2/task/2/fdinfo’: Permission denied
find: ‘/proc/2/task/2/ns’: Permission denied
find: ‘/proc/2/fd’: Permission denied
find: ‘/proc/2/map_files’: Permission denied
find: ‘/proc/2/fdinfo’: Permission denied
find: ‘/proc/2/ns’: Permission denied
find: ‘/proc/4/task/4/fd’: Permission denied
find: ‘/proc/4/task/4/fdinfo’: Permission denied
find: ‘/proc/4/task/4/ns’: Permission denied
find: ‘/proc/4/fd’: Permission denied
find: ‘/proc/4/map_files’: Permission denied
find: ‘/proc/4/fdinfo’: Permission denied
find: ‘/proc/4/ns’: Permission denied
find: ‘/proc/6/task/6/fd’: Permission denied
find: ‘/proc/6/task/6/fdinfo’: Permission denied
find: ‘/proc/6/task/6/ns’: Permission denied
find: ‘/proc/6/fd’: Permission denied
find: ‘/proc/6/map_files’: Permission denied
find: ‘/proc/6/fdinfo’: Permission denied
find: ‘/proc/6/ns’: Permission denied
find: ‘/proc/7/task/7/fd’: Permission denied
find: ‘/proc/7/task/7/fdinfo’: Permission denied
find: ‘/proc/7/task/7/ns’: Permission denied
find: ‘/proc/7/fd’: Permission denied
find: ‘/proc/7/map_files’: Permission denied
find: ‘/proc/7/fdinfo’: Permission denied
find: ‘/proc/7/ns’: Permission denied
find: ‘/proc/8/task/8/fd’: Permission denied
find: ‘/proc/8/task/8/fdinfo’: Permission denied
find: ‘/proc/8/task/8/ns’: Permission denied
find: ‘/proc/8/fd’: Permission denied
find: ‘/proc/8/map_files’: Permission denied
find: ‘/proc/8/fdinfo’: Permission denied
find: ‘/proc/8/ns’: Permission denied
find: ‘/proc/9/task/9/fd’: Permission denied
find: ‘/proc/9/task/9/fdinfo’: Permission denied
find: ‘/proc/9/task/9/ns’: Permission denied
find: ‘/proc/9/fd’: Permission denied
find: ‘/proc/9/map_files’: Permission denied
find: ‘/proc/9/fdinfo’: Permission denied
find: ‘/proc/9/ns’: Permission denied
find: ‘/proc/10/task/10/fd’: Permission denied
find: ‘/proc/10/task/10/fdinfo’: Permission denied
find: ‘/proc/10/task/10/ns’: Permission denied
find: ‘/proc/10/fd’: Permission denied
find: ‘/proc/10/map_files’: Permission denied
find: ‘/proc/10/fdinfo’: Permission denied
find: ‘/proc/10/ns’: Permission denied
find: ‘/proc/11/task/11/fd’: Permission denied
find: ‘/proc/11/task/11/fdinfo’: Permission denied
find: ‘/proc/11/task/11/ns’: Permission denied
find: ‘/proc/11/fd’: Permission denied
find: ‘/proc/11/map_files’: Permission denied
find: ‘/proc/11/fdinfo’: Permission denied
find: ‘/proc/11/ns’: Permission denied
find: ‘/proc/12/task/12/fd’: Permission denied
find: ‘/proc/12/task/12/fdinfo’: Permission denied
find: ‘/proc/12/task/12/ns’: Permission denied
find: ‘/proc/12/fd’: Permission denied
find: ‘/proc/12/map_files’: Permission denied
find: ‘/proc/12/fdinfo’: Permission denied
find: ‘/proc/12/ns’: Permission denied
find: ‘/proc/13/task/13/fd’: Permission denied
find: ‘/proc/13/task/13/fdinfo’: Permission denied
find: ‘/proc/13/task/13/ns’: Permission denied
find: ‘/proc/13/fd’: Permission denied
find: ‘/proc/13/map_files’: Permission denied
find: ‘/proc/13/fdinfo’: Permission denied
find: ‘/proc/13/ns’: Permission denied
find: ‘/proc/14/task/14/fd’: Permission denied
find: ‘/proc/14/task/14/fdinfo’: Permission denied
find: ‘/proc/14/task/14/ns’: Permission denied
find: ‘/proc/14/fd’: Permission denied
find: ‘/proc/14/map_files’: Permission denied
find: ‘/proc/14/fdinfo’: Permission denied
find: ‘/proc/14/ns’: Permission denied
find: ‘/proc/15/task/15/fd’: Permission denied
find: ‘/proc/15/task/15/fdinfo’: Permission denied
find: ‘/proc/15/task/15/ns’: Permission denied
find: ‘/proc/15/fd’: Permission denied
find: ‘/proc/15/map_files’: Permission denied
find: ‘/proc/15/fdinfo’: Permission denied
find: ‘/proc/15/ns’: Permission denied
find: ‘/proc/16/task/16/fd’: Permission denied
find: ‘/proc/16/task/16/fdinfo’: Permission denied
find: ‘/proc/16/task/16/ns’: Permission denied
find: ‘/proc/16/fd’: Permission denied
find: ‘/proc/16/map_files’: Permission denied
find: ‘/proc/16/fdinfo’: Permission denied
find: ‘/proc/16/ns’: Permission denied
find: ‘/proc/17/task/17/fd’: Permission denied
find: ‘/proc/17/task/17/fdinfo’: Permission denied
find: ‘/proc/17/task/17/ns’: Permission denied
find: ‘/proc/17/fd’: Permission denied
find: ‘/proc/17/map_files’: Permission denied
find: ‘/proc/17/fdinfo’: Permission denied
find: ‘/proc/17/ns’: Permission denied
find: ‘/proc/18/task/18/fd’: Permission denied
find: ‘/proc/18/task/18/fdinfo’: Permission denied
find: ‘/proc/18/task/18/ns’: Permission denied
find: ‘/proc/18/fd’: Permission denied
find: ‘/proc/18/map_files’: Permission denied
find: ‘/proc/18/fdinfo’: Permission denied
find: ‘/proc/18/ns’: Permission denied
find: ‘/proc/19/task/19/fd’: Permission denied
find: ‘/proc/19/task/19/fdinfo’: Permission denied
find: ‘/proc/19/task/19/ns’: Permission denied
find: ‘/proc/19/fd’: Permission denied
find: ‘/proc/19/map_files’: Permission denied
find: ‘/proc/19/fdinfo’: Permission denied
find: ‘/proc/19/ns’: Permission denied
find: ‘/proc/20/task/20/fd’: Permission denied
find: ‘/proc/20/task/20/fdinfo’: Permission denied
find: ‘/proc/20/task/20/ns’: Permission denied
find: ‘/proc/20/fd’: Permission denied
find: ‘/proc/20/map_files’: Permission denied
find: ‘/proc/20/fdinfo’: Permission denied
find: ‘/proc/20/ns’: Permission denied
find: ‘/proc/21/task/21/fd’: Permission denied
find: ‘/proc/21/task/21/fdinfo’: Permission denied
find: ‘/proc/21/task/21/ns’: Permission denied
find: ‘/proc/21/fd’: Permission denied
find: ‘/proc/21/map_files’: Permission denied
find: ‘/proc/21/fdinfo’: Permission denied
find: ‘/proc/21/ns’: Permission denied
find: ‘/proc/22/task/22/fd’: Permission denied
find: ‘/proc/22/task/22/fdinfo’: Permission denied
find: ‘/proc/22/task/22/ns’: Permission denied
find: ‘/proc/22/fd’: Permission denied
find: ‘/proc/22/map_files’: Permission denied
find: ‘/proc/22/fdinfo’: Permission denied
find: ‘/proc/22/ns’: Permission denied
find: ‘/proc/23/task/23/fd’: Permission denied
find: ‘/proc/23/task/23/fdinfo’: Permission denied
find: ‘/proc/23/task/23/ns’: Permission denied
find: ‘/proc/23/fd’: Permission denied
find: ‘/proc/23/map_files’: Permission denied
find: ‘/proc/23/fdinfo’: Permission denied
find: ‘/proc/23/ns’: Permission denied
find: ‘/proc/24/task/24/fd’: Permission denied
find: ‘/proc/24/task/24/fdinfo’: Permission denied
find: ‘/proc/24/task/24/ns’: Permission denied
find: ‘/proc/24/fd’: Permission denied
find: ‘/proc/24/map_files’: Permission denied
find: ‘/proc/24/fdinfo’: Permission denied
find: ‘/proc/24/ns’: Permission denied
find: ‘/proc/25/task/25/fd’: Permission denied
find: ‘/proc/25/task/25/fdinfo’: Permission denied
find: ‘/proc/25/task/25/ns’: Permission denied
find: ‘/proc/25/fd’: Permission denied
find: ‘/proc/25/map_files’: Permission denied
find: ‘/proc/25/fdinfo’: Permission denied
find: ‘/proc/25/ns’: Permission denied
find: ‘/proc/26/task/26/fd’: Permission denied
find: ‘/proc/26/task/26/fdinfo’: Permission denied
find: ‘/proc/26/task/26/ns’: Permission denied
find: ‘/proc/26/fd’: Permission denied
find: ‘/proc/26/map_files’: Permission denied
find: ‘/proc/26/fdinfo’: Permission denied
find: ‘/proc/26/ns’: Permission denied
find: ‘/proc/27/task/27/fd’: Permission denied
find: ‘/proc/27/task/27/fdinfo’: Permission denied
find: ‘/proc/27/task/27/ns’: Permission denied
find: ‘/proc/27/fd’: Permission denied
find: ‘/proc/27/map_files’: Permission denied
find: ‘/proc/27/fdinfo’: Permission denied
find: ‘/proc/27/ns’: Permission denied
find: ‘/proc/28/task/28/fd’: Permission denied
find: ‘/proc/28/task/28/fdinfo’: Permission denied
find: ‘/proc/28/task/28/ns’: Permission denied
find: ‘/proc/28/fd’: Permission denied
find: ‘/proc/28/map_files’: Permission denied
find: ‘/proc/28/fdinfo’: Permission denied
find: ‘/proc/28/ns’: Permission denied
find: ‘/proc/32/task/32/fd’: Permission denied
find: ‘/proc/32/task/32/fdinfo’: Permission denied
find: ‘/proc/32/task/32/ns’: Permission denied
find: ‘/proc/32/fd’: Permission denied
find: ‘/proc/32/map_files’: Permission denied
find: ‘/proc/32/fdinfo’: Permission denied
find: ‘/proc/32/ns’: Permission denied
find: ‘/proc/33/task/33/fd’: Permission denied
find: ‘/proc/33/task/33/fdinfo’: Permission denied
find: ‘/proc/33/task/33/ns’: Permission denied
find: ‘/proc/33/fd’: Permission denied
find: ‘/proc/33/map_files’: Permission denied
find: ‘/proc/33/fdinfo’: Permission denied
find: ‘/proc/33/ns’: Permission denied
find: ‘/proc/34/task/34/fd’: Permission denied
find: ‘/proc/34/task/34/fdinfo’: Permission denied
find: ‘/proc/34/task/34/ns’: Permission denied
find: ‘/proc/34/fd’: Permission denied
find: ‘/proc/34/map_files’: Permission denied
find: ‘/proc/34/fdinfo’: Permission denied
find: ‘/proc/34/ns’: Permission denied
find: ‘/proc/35/task/35/fd’: Permission denied
find: ‘/proc/35/task/35/fdinfo’: Permission denied
find: ‘/proc/35/task/35/ns’: Permission denied
find: ‘/proc/35/fd’: Permission denied
find: ‘/proc/35/map_files’: Permission denied
find: ‘/proc/35/fdinfo’: Permission denied
find: ‘/proc/35/ns’: Permission denied
find: ‘/proc/36/task/36/fd’: Permission denied
find: ‘/proc/36/task/36/fdinfo’: Permission denied
find: ‘/proc/36/task/36/ns’: Permission denied
find: ‘/proc/36/fd’: Permission denied
find: ‘/proc/36/map_files’: Permission denied
find: ‘/proc/36/fdinfo’: Permission denied
find: ‘/proc/36/ns’: Permission denied
find: ‘/proc/76/task/76/fd’: Permission denied
find: ‘/proc/76/task/76/fdinfo’: Permission denied
find: ‘/proc/76/task/76/ns’: Permission denied
find: ‘/proc/76/fd’: Permission denied
find: ‘/proc/76/map_files’: Permission denied
find: ‘/proc/76/fdinfo’: Permission denied
find: ‘/proc/76/ns’: Permission denied
find: ‘/proc/77/task/77/fd’: Permission denied
find: ‘/proc/77/task/77/fdinfo’: Permission denied
find: ‘/proc/77/task/77/ns’: Permission denied
find: ‘/proc/77/fd’: Permission denied
find: ‘/proc/77/map_files’: Permission denied
find: ‘/proc/77/fdinfo’: Permission denied
find: ‘/proc/77/ns’: Permission denied
find: ‘/proc/78/task/78/fd’: Permission denied
find: ‘/proc/78/task/78/fdinfo’: Permission denied
find: ‘/proc/78/task/78/ns’: Permission denied
find: ‘/proc/78/fd’: Permission denied
find: ‘/proc/78/map_files’: Permission denied
find: ‘/proc/78/fdinfo’: Permission denied
find: ‘/proc/78/ns’: Permission denied
find: ‘/proc/79/task/79/fd’: Permission denied
find: ‘/proc/79/task/79/fdinfo’: Permission denied
find: ‘/proc/79/task/79/ns’: Permission denied
find: ‘/proc/79/fd’: Permission denied
find: ‘/proc/79/map_files’: Permission denied
find: ‘/proc/79/fdinfo’: Permission denied
find: ‘/proc/79/ns’: Permission denied
find: ‘/proc/80/task/80/fd’: Permission denied
find: ‘/proc/80/task/80/fdinfo’: Permission denied
find: ‘/proc/80/task/80/ns’: Permission denied
find: ‘/proc/80/fd’: Permission denied
find: ‘/proc/80/map_files’: Permission denied
find: ‘/proc/80/fdinfo’: Permission denied
find: ‘/proc/80/ns’: Permission denied
find: ‘/proc/81/task/81/fd’: Permission denied
find: ‘/proc/81/task/81/fdinfo’: Permission denied
find: ‘/proc/81/task/81/ns’: Permission denied
find: ‘/proc/81/fd’: Permission denied
find: ‘/proc/81/map_files’: Permission denied
find: ‘/proc/81/fdinfo’: Permission denied
find: ‘/proc/81/ns’: Permission denied
find: ‘/proc/82/task/82/fd’: Permission denied
find: ‘/proc/82/task/82/fdinfo’: Permission denied
find: ‘/proc/82/task/82/ns’: Permission denied
find: ‘/proc/82/fd’: Permission denied
find: ‘/proc/82/map_files’: Permission denied
find: ‘/proc/82/fdinfo’: Permission denied
find: ‘/proc/82/ns’: Permission denied
find: ‘/proc/83/task/83/fd’: Permission denied
find: ‘/proc/83/task/83/fdinfo’: Permission denied
find: ‘/proc/83/task/83/ns’: Permission denied
find: ‘/proc/83/fd’: Permission denied
find: ‘/proc/83/map_files’: Permission denied
find: ‘/proc/83/fdinfo’: Permission denied
find: ‘/proc/83/ns’: Permission denied
find: ‘/proc/84/task/84/fd’: Permission denied
find: ‘/proc/84/task/84/fdinfo’: Permission denied
find: ‘/proc/84/task/84/ns’: Permission denied
find: ‘/proc/84/fd’: Permission denied
find: ‘/proc/84/map_files’: Permission denied
find: ‘/proc/84/fdinfo’: Permission denied
find: ‘/proc/84/ns’: Permission denied
find: ‘/proc/85/task/85/fd’: Permission denied
find: ‘/proc/85/task/85/fdinfo’: Permission denied
find: ‘/proc/85/task/85/ns’: Permission denied
find: ‘/proc/85/fd’: Permission denied
find: ‘/proc/85/map_files’: Permission denied
find: ‘/proc/85/fdinfo’: Permission denied
find: ‘/proc/85/ns’: Permission denied
find: ‘/proc/86/task/86/fd’: Permission denied
find: ‘/proc/86/task/86/fdinfo’: Permission denied
find: ‘/proc/86/task/86/ns’: Permission denied
find: ‘/proc/86/fd’: Permission denied
find: ‘/proc/86/map_files’: Permission denied
find: ‘/proc/86/fdinfo’: Permission denied
find: ‘/proc/86/ns’: Permission denied
find: ‘/proc/87/task/87/fd’: Permission denied
find: ‘/proc/87/task/87/fdinfo’: Permission denied
find: ‘/proc/87/task/87/ns’: Permission denied
find: ‘/proc/87/fd’: Permission denied
find: ‘/proc/87/map_files’: Permission denied
find: ‘/proc/87/fdinfo’: Permission denied
find: ‘/proc/87/ns’: Permission denied
find: ‘/proc/88/task/88/fd’: Permission denied
find: ‘/proc/88/task/88/fdinfo’: Permission denied
find: ‘/proc/88/task/88/ns’: Permission denied
find: ‘/proc/88/fd’: Permission denied
find: ‘/proc/88/map_files’: Permission denied
find: ‘/proc/88/fdinfo’: Permission denied
find: ‘/proc/88/ns’: Permission denied
find: ‘/proc/89/task/89/fd’: Permission denied
find: ‘/proc/89/task/89/fdinfo’: Permission denied
find: ‘/proc/89/task/89/ns’: Permission denied
find: ‘/proc/89/fd’: Permission denied
find: ‘/proc/89/map_files’: Permission denied
find: ‘/proc/89/fdinfo’: Permission denied
find: ‘/proc/89/ns’: Permission denied
find: ‘/proc/95/task/95/fd’: Permission denied
find: ‘/proc/95/task/95/fdinfo’: Permission denied
find: ‘/proc/95/task/95/ns’: Permission denied
find: ‘/proc/95/fd’: Permission denied
find: ‘/proc/95/map_files’: Permission denied
find: ‘/proc/95/fdinfo’: Permission denied
find: ‘/proc/95/ns’: Permission denied
find: ‘/proc/116/task/116/fd’: Permission denied
find: ‘/proc/116/task/116/fdinfo’: Permission denied
find: ‘/proc/116/task/116/ns’: Permission denied
find: ‘/proc/116/fd’: Permission denied
find: ‘/proc/116/map_files’: Permission denied
find: ‘/proc/116/fdinfo’: Permission denied
find: ‘/proc/116/ns’: Permission denied
find: ‘/proc/117/task/117/fd’: Permission denied
find: ‘/proc/117/task/117/fdinfo’: Permission denied
find: ‘/proc/117/task/117/ns’: Permission denied
find: ‘/proc/117/fd’: Permission denied
find: ‘/proc/117/map_files’: Permission denied
find: ‘/proc/117/fdinfo’: Permission denied
find: ‘/proc/117/ns’: Permission denied
find: ‘/proc/175/task/175/fd’: Permission denied
find: ‘/proc/175/task/175/fdinfo’: Permission denied
find: ‘/proc/175/task/175/ns’: Permission denied
find: ‘/proc/175/fd’: Permission denied
find: ‘/proc/175/map_files’: Permission denied
find: ‘/proc/175/fdinfo’: Permission denied
find: ‘/proc/175/ns’: Permission denied
find: ‘/proc/176/task/176/fd’: Permission denied
find: ‘/proc/176/task/176/fdinfo’: Permission denied
find: ‘/proc/176/task/176/ns’: Permission denied
find: ‘/proc/176/fd’: Permission denied
find: ‘/proc/176/map_files’: Permission denied
find: ‘/proc/176/fdinfo’: Permission denied
find: ‘/proc/176/ns’: Permission denied
find: ‘/proc/177/task/177/fd’: Permission denied
find: ‘/proc/177/task/177/fdinfo’: Permission denied
find: ‘/proc/177/task/177/ns’: Permission denied
find: ‘/proc/177/fd’: Permission denied
find: ‘/proc/177/map_files’: Permission denied
find: ‘/proc/177/fdinfo’: Permission denied
find: ‘/proc/177/ns’: Permission denied
find: ‘/proc/178/task/178/fd’: Permission denied
find: ‘/proc/178/task/178/fdinfo’: Permission denied
find: ‘/proc/178/task/178/ns’: Permission denied
find: ‘/proc/178/fd’: Permission denied
find: ‘/proc/178/map_files’: Permission denied
find: ‘/proc/178/fdinfo’: Permission denied
find: ‘/proc/178/ns’: Permission denied
find: ‘/proc/205/task/205/fd’: Permission denied
find: ‘/proc/205/task/205/fdinfo’: Permission denied
find: ‘/proc/205/task/205/ns’: Permission denied
find: ‘/proc/205/fd’: Permission denied
find: ‘/proc/205/map_files’: Permission denied
find: ‘/proc/205/fdinfo’: Permission denied
find: ‘/proc/205/ns’: Permission denied
find: ‘/proc/206/task/206/fd’: Permission denied
find: ‘/proc/206/task/206/fdinfo’: Permission denied
find: ‘/proc/206/task/206/ns’: Permission denied
find: ‘/proc/206/fd’: Permission denied
find: ‘/proc/206/map_files’: Permission denied
find: ‘/proc/206/fdinfo’: Permission denied
find: ‘/proc/206/ns’: Permission denied
find: ‘/proc/239/task/239/fd’: Permission denied
find: ‘/proc/239/task/239/fdinfo’: Permission denied
find: ‘/proc/239/task/239/ns’: Permission denied
find: ‘/proc/239/fd’: Permission denied
find: ‘/proc/239/map_files’: Permission denied
find: ‘/proc/239/fdinfo’: Permission denied
find: ‘/proc/239/ns’: Permission denied
find: ‘/proc/252/task/252/fd’: Permission denied
find: ‘/proc/252/task/252/fdinfo’: Permission denied
find: ‘/proc/252/task/252/ns’: Permission denied
find: ‘/proc/252/fd’: Permission denied
find: ‘/proc/252/map_files’: Permission denied
find: ‘/proc/252/fdinfo’: Permission denied
find: ‘/proc/252/ns’: Permission denied
find: ‘/proc/260/task/260/fd’: Permission denied
find: ‘/proc/260/task/260/fdinfo’: Permission denied
find: ‘/proc/260/task/260/ns’: Permission denied
find: ‘/proc/260/fd’: Permission denied
find: ‘/proc/260/map_files’: Permission denied
find: ‘/proc/260/fdinfo’: Permission denied
find: ‘/proc/260/ns’: Permission denied
find: ‘/proc/340/task/340/fd’: Permission denied
find: ‘/proc/340/task/340/fdinfo’: Permission denied
find: ‘/proc/340/task/340/ns’: Permission denied
find: ‘/proc/340/fd’: Permission denied
find: ‘/proc/340/map_files’: Permission denied
find: ‘/proc/340/fdinfo’: Permission denied
find: ‘/proc/340/ns’: Permission denied
find: ‘/proc/388/task/388/fd’: Permission denied
find: ‘/proc/388/task/388/fdinfo’: Permission denied
find: ‘/proc/388/task/388/ns’: Permission denied
find: ‘/proc/388/fd’: Permission denied
find: ‘/proc/388/map_files’: Permission denied
find: ‘/proc/388/fdinfo’: Permission denied
find: ‘/proc/388/ns’: Permission denied
find: ‘/proc/631/task/631/fd’: Permission denied
find: ‘/proc/631/task/631/fdinfo’: Permission denied
find: ‘/proc/631/task/631/ns’: Permission denied
find: ‘/proc/631/fd’: Permission denied
find: ‘/proc/631/map_files’: Permission denied
find: ‘/proc/631/fdinfo’: Permission denied
find: ‘/proc/631/ns’: Permission denied
find: ‘/proc/634/task/634/fd’: Permission denied
find: ‘/proc/634/task/634/fdinfo’: Permission denied
find: ‘/proc/634/task/634/ns’: Permission denied
find: ‘/proc/634/task/652/fd’: Permission denied
find: ‘/proc/634/task/652/fdinfo’: Permission denied
find: ‘/proc/634/task/652/ns’: Permission denied
find: ‘/proc/634/task/682/fd’: Permission denied
find: ‘/proc/634/task/682/fdinfo’: Permission denied
find: ‘/proc/634/task/682/ns’: Permission denied
find: ‘/proc/634/fd’: Permission denied
find: ‘/proc/634/map_files’: Permission denied
find: ‘/proc/634/fdinfo’: Permission denied
find: ‘/proc/634/ns’: Permission denied
find: ‘/proc/635/task/635/fd’: Permission denied
find: ‘/proc/635/task/635/fdinfo’: Permission denied
find: ‘/proc/635/task/635/ns’: Permission denied
find: ‘/proc/635/fd’: Permission denied
find: ‘/proc/635/map_files’: Permission denied
find: ‘/proc/635/fdinfo’: Permission denied
find: ‘/proc/635/ns’: Permission denied
find: ‘/proc/636/task/636/fd’: Permission denied
find: ‘/proc/636/task/636/fdinfo’: Permission denied
find: ‘/proc/636/task/636/ns’: Permission denied
find: ‘/proc/636/task/656/fd’: Permission denied
find: ‘/proc/636/task/656/fdinfo’: Permission denied
find: ‘/proc/636/task/656/ns’: Permission denied
find: ‘/proc/636/task/657/fd’: Permission denied
find: ‘/proc/636/task/657/fdinfo’: Permission denied
find: ‘/proc/636/task/657/ns’: Permission denied
find: ‘/proc/636/task/658/fd’: Permission denied
find: ‘/proc/636/task/658/fdinfo’: Permission denied
find: ‘/proc/636/task/658/ns’: Permission denied
find: ‘/proc/636/fd’: Permission denied
find: ‘/proc/636/map_files’: Permission denied
find: ‘/proc/636/fdinfo’: Permission denied
find: ‘/proc/636/ns’: Permission denied
find: ‘/proc/641/task/641/fd’: Permission denied
find: ‘/proc/641/task/641/fdinfo’: Permission denied
find: ‘/proc/641/task/641/ns’: Permission denied
find: ‘/proc/641/fd’: Permission denied
find: ‘/proc/641/map_files’: Permission denied
find: ‘/proc/641/fdinfo’: Permission denied
find: ‘/proc/641/ns’: Permission denied
find: ‘/proc/651/task/651/fd’: Permission denied
find: ‘/proc/651/task/651/fdinfo’: Permission denied
find: ‘/proc/651/task/651/ns’: Permission denied
find: ‘/proc/651/fd’: Permission denied
find: ‘/proc/651/map_files’: Permission denied
find: ‘/proc/651/fdinfo’: Permission denied
find: ‘/proc/651/ns’: Permission denied
find: ‘/proc/670/task/670/fd’: Permission denied
find: ‘/proc/670/task/670/fdinfo’: Permission denied
find: ‘/proc/670/task/670/ns’: Permission denied
find: ‘/proc/670/fd’: Permission denied
find: ‘/proc/670/map_files’: Permission denied
find: ‘/proc/670/fdinfo’: Permission denied
find: ‘/proc/670/ns’: Permission denied
find: ‘/proc/671/task/671/fd’: Permission denied
find: ‘/proc/671/task/671/fdinfo’: Permission denied
find: ‘/proc/671/task/671/ns’: Permission denied
find: ‘/proc/671/task/718/fd’: Permission denied
find: ‘/proc/671/task/718/fdinfo’: Permission denied
find: ‘/proc/671/task/718/ns’: Permission denied
find: ‘/proc/671/task/720/fd’: Permission denied
find: ‘/proc/671/task/720/fdinfo’: Permission denied
find: ‘/proc/671/task/720/ns’: Permission denied
find: ‘/proc/671/fd’: Permission denied
find: ‘/proc/671/map_files’: Permission denied
find: ‘/proc/671/fdinfo’: Permission denied
find: ‘/proc/671/ns’: Permission denied
find: ‘/proc/672/task/672/fd’: Permission denied
find: ‘/proc/672/task/672/fdinfo’: Permission denied
find: ‘/proc/672/task/672/ns’: Permission denied
find: ‘/proc/672/fd’: Permission denied
find: ‘/proc/672/map_files’: Permission denied
find: ‘/proc/672/fdinfo’: Permission denied
find: ‘/proc/672/ns’: Permission denied
find: ‘/proc/675/task/675/fd’: Permission denied
find: ‘/proc/675/task/675/fdinfo’: Permission denied
find: ‘/proc/675/task/675/ns’: Permission denied
find: ‘/proc/675/task/755/fd’: Permission denied
find: ‘/proc/675/task/755/fdinfo’: Permission denied
find: ‘/proc/675/task/755/ns’: Permission denied
find: ‘/proc/675/task/761/fd’: Permission denied
find: ‘/proc/675/task/761/fdinfo’: Permission denied
find: ‘/proc/675/task/761/ns’: Permission denied
find: ‘/proc/675/fd’: Permission denied
find: ‘/proc/675/map_files’: Permission denied
find: ‘/proc/675/fdinfo’: Permission denied
find: ‘/proc/675/ns’: Permission denied
find: ‘/proc/677/task/677/fd’: Permission denied
find: ‘/proc/677/task/677/fdinfo’: Permission denied
find: ‘/proc/677/task/677/ns’: Permission denied
find: ‘/proc/677/task/753/fd’: Permission denied
find: ‘/proc/677/task/753/fdinfo’: Permission denied
find: ‘/proc/677/task/753/ns’: Permission denied
find: ‘/proc/677/task/754/fd’: Permission denied
find: ‘/proc/677/task/754/fdinfo’: Permission denied
find: ‘/proc/677/task/754/ns’: Permission denied
find: ‘/proc/677/task/765/fd’: Permission denied
find: ‘/proc/677/task/765/fdinfo’: Permission denied
find: ‘/proc/677/task/765/ns’: Permission denied
find: ‘/proc/677/task/796/fd’: Permission denied
find: ‘/proc/677/task/796/fdinfo’: Permission denied
find: ‘/proc/677/task/796/ns’: Permission denied
find: ‘/proc/677/task/797/fd’: Permission denied
find: ‘/proc/677/task/797/fdinfo’: Permission denied
find: ‘/proc/677/task/797/ns’: Permission denied
find: ‘/proc/677/task/798/fd’: Permission denied
find: ‘/proc/677/task/798/fdinfo’: Permission denied
find: ‘/proc/677/task/798/ns’: Permission denied
find: ‘/proc/677/fd’: Permission denied
find: ‘/proc/677/map_files’: Permission denied
find: ‘/proc/677/fdinfo’: Permission denied
find: ‘/proc/677/ns’: Permission denied
find: ‘/proc/693/task/693/fd’: Permission denied
find: ‘/proc/693/task/693/fdinfo’: Permission denied
find: ‘/proc/693/task/693/ns’: Permission denied
find: ‘/proc/693/fd’: Permission denied
find: ‘/proc/693/map_files’: Permission denied
find: ‘/proc/693/fdinfo’: Permission denied
find: ‘/proc/693/ns’: Permission denied
find: ‘/proc/792/task/792/fd’: Permission denied
find: ‘/proc/792/task/792/fdinfo’: Permission denied
find: ‘/proc/792/task/792/ns’: Permission denied
find: ‘/proc/792/task/805/fd’: Permission denied
find: ‘/proc/792/task/805/fdinfo’: Permission denied
find: ‘/proc/792/task/805/ns’: Permission denied
find: ‘/proc/792/task/807/fd’: Permission denied
find: ‘/proc/792/task/807/fdinfo’: Permission denied
find: ‘/proc/792/task/807/ns’: Permission denied
find: ‘/proc/792/fd’: Permission denied
find: ‘/proc/792/map_files’: Permission denied
find: ‘/proc/792/fdinfo’: Permission denied
find: ‘/proc/792/ns’: Permission denied
find: ‘/proc/793/task/793/fd’: Permission denied
find: ‘/proc/793/task/793/fdinfo’: Permission denied
find: ‘/proc/793/task/793/ns’: Permission denied
find: ‘/proc/793/task/821/fd’: Permission denied
find: ‘/proc/793/task/821/fdinfo’: Permission denied
find: ‘/proc/793/task/821/ns’: Permission denied
find: ‘/proc/793/task/822/fd’: Permission denied
find: ‘/proc/793/task/822/fdinfo’: Permission denied
find: ‘/proc/793/task/822/ns’: Permission denied
find: ‘/proc/793/fd’: Permission denied
find: ‘/proc/793/map_files’: Permission denied
find: ‘/proc/793/fdinfo’: Permission denied
find: ‘/proc/793/ns’: Permission denied
find: ‘/proc/850/task/850/fd’: Permission denied
find: ‘/proc/850/task/850/fdinfo’: Permission denied
find: ‘/proc/850/task/850/ns’: Permission denied
find: ‘/proc/850/fd’: Permission denied
find: ‘/proc/850/map_files’: Permission denied
find: ‘/proc/850/fdinfo’: Permission denied
find: ‘/proc/850/ns’: Permission denied
find: ‘/proc/865/task/865/fd’: Permission denied
find: ‘/proc/865/task/865/fdinfo’: Permission denied
find: ‘/proc/865/task/865/ns’: Permission denied
find: ‘/proc/865/task/881/fd’: Permission denied
find: ‘/proc/865/task/881/fdinfo’: Permission denied
find: ‘/proc/865/task/881/ns’: Permission denied
find: ‘/proc/865/task/886/fd’: Permission denied
find: ‘/proc/865/task/886/fdinfo’: Permission denied
find: ‘/proc/865/task/886/ns’: Permission denied
find: ‘/proc/865/fd’: Permission denied
find: ‘/proc/865/map_files’: Permission denied
find: ‘/proc/865/fdinfo’: Permission denied
find: ‘/proc/865/ns’: Permission denied
find: ‘/proc/883/task/883/fd’: Permission denied
find: ‘/proc/883/task/883/fdinfo’: Permission denied
find: ‘/proc/883/task/883/ns’: Permission denied
find: ‘/proc/883/task/888/fd’: Permission denied
find: ‘/proc/883/task/888/fdinfo’: Permission denied
find: ‘/proc/883/task/888/ns’: Permission denied
find: ‘/proc/883/task/889/fd’: Permission denied
find: ‘/proc/883/task/889/fdinfo’: Permission denied
find: ‘/proc/883/task/889/ns’: Permission denied
find: ‘/proc/883/task/890/fd’: Permission denied
find: ‘/proc/883/task/890/fdinfo’: Permission denied
find: ‘/proc/883/task/890/ns’: Permission denied
find: ‘/proc/883/task/891/fd’: Permission denied
find: ‘/proc/883/task/891/fdinfo’: Permission denied
find: ‘/proc/883/task/891/ns’: Permission denied
find: ‘/proc/883/task/892/fd’: Permission denied
find: ‘/proc/883/task/892/fdinfo’: Permission denied
find: ‘/proc/883/task/892/ns’: Permission denied
find: ‘/proc/883/task/896/fd’: Permission denied
find: ‘/proc/883/task/896/fdinfo’: Permission denied
find: ‘/proc/883/task/896/ns’: Permission denied
find: ‘/proc/883/task/897/fd’: Permission denied
find: ‘/proc/883/task/897/fdinfo’: Permission denied
find: ‘/proc/883/task/897/ns’: Permission denied
find: ‘/proc/883/fd’: Permission denied
find: ‘/proc/883/map_files’: Permission denied
find: ‘/proc/883/fdinfo’: Permission denied
find: ‘/proc/883/ns’: Permission denied
find: ‘/proc/884/task/884/fd’: Permission denied
find: ‘/proc/884/task/884/fdinfo’: Permission denied
find: ‘/proc/884/task/884/ns’: Permission denied
find: ‘/proc/884/fd’: Permission denied
find: ‘/proc/884/map_files’: Permission denied
find: ‘/proc/884/fdinfo’: Permission denied
find: ‘/proc/884/ns’: Permission denied
find: ‘/proc/936/task/936/fd’: Permission denied
find: ‘/proc/936/task/936/fdinfo’: Permission denied
find: ‘/proc/936/task/936/ns’: Permission denied
find: ‘/proc/936/task/1052/fd’: Permission denied
find: ‘/proc/936/task/1052/fdinfo’: Permission denied
find: ‘/proc/936/task/1052/ns’: Permission denied
find: ‘/proc/936/fd’: Permission denied
find: ‘/proc/936/map_files’: Permission denied
find: ‘/proc/936/fdinfo’: Permission denied
find: ‘/proc/936/ns’: Permission denied
find: ‘/proc/1055/task/1055/fd’: Permission denied
find: ‘/proc/1055/task/1055/fdinfo’: Permission denied
find: ‘/proc/1055/task/1055/ns’: Permission denied
find: ‘/proc/1055/task/1056/fd’: Permission denied
find: ‘/proc/1055/task/1056/fdinfo’: Permission denied
find: ‘/proc/1055/task/1056/ns’: Permission denied
find: ‘/proc/1055/task/1057/fd’: Permission denied
find: ‘/proc/1055/task/1057/fdinfo’: Permission denied
find: ‘/proc/1055/task/1057/ns’: Permission denied
find: ‘/proc/1055/fd’: Permission denied
find: ‘/proc/1055/map_files’: Permission denied
find: ‘/proc/1055/fdinfo’: Permission denied
find: ‘/proc/1055/ns’: Permission denied
find: ‘/proc/1061/task/1061/fd’: Permission denied
find: ‘/proc/1061/task/1061/fdinfo’: Permission denied
find: ‘/proc/1061/task/1061/ns’: Permission denied
find: ‘/proc/1061/fd’: Permission denied
find: ‘/proc/1061/map_files’: Permission denied
find: ‘/proc/1061/fdinfo’: Permission denied
find: ‘/proc/1061/ns’: Permission denied
find: ‘/proc/1248/task/1248/fd’: Permission denied
find: ‘/proc/1248/task/1248/fdinfo’: Permission denied
find: ‘/proc/1248/task/1248/ns’: Permission denied
find: ‘/proc/1248/task/1250/fd’: Permission denied
find: ‘/proc/1248/task/1250/fdinfo’: Permission denied
find: ‘/proc/1248/task/1250/ns’: Permission denied
find: ‘/proc/1248/task/1251/fd’: Permission denied
find: ‘/proc/1248/task/1251/fdinfo’: Permission denied
find: ‘/proc/1248/task/1251/ns’: Permission denied
find: ‘/proc/1248/task/1252/fd’: Permission denied
find: ‘/proc/1248/task/1252/fdinfo’: Permission denied
find: ‘/proc/1248/task/1252/ns’: Permission denied
find: ‘/proc/1248/fd’: Permission denied
find: ‘/proc/1248/map_files’: Permission denied
find: ‘/proc/1248/fdinfo’: Permission denied
find: ‘/proc/1248/ns’: Permission denied
find: ‘/proc/1328/task/1328/fd’: Permission denied
find: ‘/proc/1328/task/1328/fdinfo’: Permission denied
find: ‘/proc/1328/task/1328/ns’: Permission denied
find: ‘/proc/1328/task/1333/fd’: Permission denied
find: ‘/proc/1328/task/1333/fdinfo’: Permission denied
find: ‘/proc/1328/task/1333/ns’: Permission denied
find: ‘/proc/1328/task/1337/fd’: Permission denied
find: ‘/proc/1328/task/1337/fdinfo’: Permission denied
find: ‘/proc/1328/task/1337/ns’: Permission denied
find: ‘/proc/1328/fd’: Permission denied
find: ‘/proc/1328/map_files’: Permission denied
find: ‘/proc/1328/fdinfo’: Permission denied
find: ‘/proc/1328/ns’: Permission denied
find: ‘/proc/1336/task/1336/fd’: Permission denied
find: ‘/proc/1336/task/1336/fdinfo’: Permission denied
find: ‘/proc/1336/task/1336/ns’: Permission denied
find: ‘/proc/1336/fd’: Permission denied
find: ‘/proc/1336/map_files’: Permission denied
find: ‘/proc/1336/fdinfo’: Permission denied
find: ‘/proc/1336/ns’: Permission denied
find: ‘/proc/1348/task/1348/fd’: Permission denied
find: ‘/proc/1348/task/1348/fdinfo’: Permission denied
find: ‘/proc/1348/task/1348/ns’: Permission denied
find: ‘/proc/1348/fd’: Permission denied
find: ‘/proc/1348/map_files’: Permission denied
find: ‘/proc/1348/fdinfo’: Permission denied
find: ‘/proc/1348/ns’: Permission denied
find: ‘/proc/1401/task/1401/fd’: Permission denied
find: ‘/proc/1401/task/1401/fdinfo’: Permission denied
find: ‘/proc/1401/task/1401/ns’: Permission denied
find: ‘/proc/1401/task/1416/fd’: Permission denied
find: ‘/proc/1401/task/1416/fdinfo’: Permission denied
find: ‘/proc/1401/task/1416/ns’: Permission denied
find: ‘/proc/1401/task/1417/fd’: Permission denied
find: ‘/proc/1401/task/1417/fdinfo’: Permission denied
find: ‘/proc/1401/task/1417/ns’: Permission denied
find: ‘/proc/1401/fd’: Permission denied
find: ‘/proc/1401/map_files’: Permission denied
find: ‘/proc/1401/fdinfo’: Permission denied
find: ‘/proc/1401/ns’: Permission denied
find: ‘/proc/1482/task/1482/fd’: Permission denied
find: ‘/proc/1482/task/1482/fdinfo’: Permission denied
find: ‘/proc/1482/task/1482/ns’: Permission denied
find: ‘/proc/1482/fd’: Permission denied
find: ‘/proc/1482/map_files’: Permission denied
find: ‘/proc/1482/fdinfo’: Permission denied
find: ‘/proc/1482/ns’: Permission denied
find: ‘/proc/1508/task/1508/fd’: Permission denied
find: ‘/proc/1508/task/1508/fdinfo’: Permission denied
find: ‘/proc/1508/task/1508/ns’: Permission denied
find: ‘/proc/1508/task/1511/fd’: Permission denied
find: ‘/proc/1508/task/1511/fdinfo’: Permission denied
find: ‘/proc/1508/task/1511/ns’: Permission denied
find: ‘/proc/1508/task/1512/fd’: Permission denied
find: ‘/proc/1508/task/1512/fdinfo’: Permission denied
find: ‘/proc/1508/task/1512/ns’: Permission denied
find: ‘/proc/1508/fd’: Permission denied
find: ‘/proc/1508/map_files’: Permission denied
find: ‘/proc/1508/fdinfo’: Permission denied
find: ‘/proc/1508/ns’: Permission denied
find: ‘/proc/1548/task/1548/fd’: Permission denied
find: ‘/proc/1548/task/1548/fdinfo’: Permission denied
find: ‘/proc/1548/task/1548/ns’: Permission denied
find: ‘/proc/1548/task/1549/fd’: Permission denied
find: ‘/proc/1548/task/1549/fdinfo’: Permission denied
find: ‘/proc/1548/task/1549/ns’: Permission denied
find: ‘/proc/1548/task/1551/fd’: Permission denied
find: ‘/proc/1548/task/1551/fdinfo’: Permission denied
find: ‘/proc/1548/task/1551/ns’: Permission denied
find: ‘/proc/1548/fd’: Permission denied
find: ‘/proc/1548/map_files’: Permission denied
find: ‘/proc/1548/fdinfo’: Permission denied
find: ‘/proc/1548/ns’: Permission denied
find: ‘/proc/1645/task/1645/fd’: Permission denied
find: ‘/proc/1645/task/1645/fdinfo’: Permission denied
find: ‘/proc/1645/task/1645/ns’: Permission denied
find: ‘/proc/1645/task/1646/fd’: Permission denied
find: ‘/proc/1645/task/1646/fdinfo’: Permission denied
find: ‘/proc/1645/task/1646/ns’: Permission denied
find: ‘/proc/1645/task/1648/fd’: Permission denied
find: ‘/proc/1645/task/1648/fdinfo’: Permission denied
find: ‘/proc/1645/task/1648/ns’: Permission denied
find: ‘/proc/1645/task/1649/fd’: Permission denied
find: ‘/proc/1645/task/1649/fdinfo’: Permission denied
find: ‘/proc/1645/task/1649/ns’: Permission denied
find: ‘/proc/1645/task/1653/fd’: Permission denied
find: ‘/proc/1645/task/1653/fdinfo’: Permission denied
find: ‘/proc/1645/task/1653/ns’: Permission denied
find: ‘/proc/1645/fd’: Permission denied
find: ‘/proc/1645/map_files’: Permission denied
find: ‘/proc/1645/fdinfo’: Permission denied
find: ‘/proc/1645/ns’: Permission denied
find: ‘/proc/1668/task/1668/fd’: Permission denied
find: ‘/proc/1668/task/1668/fdinfo’: Permission denied
find: ‘/proc/1668/task/1668/ns’: Permission denied
find: ‘/proc/1668/task/1671/fd’: Permission denied
find: ‘/proc/1668/task/1671/fdinfo’: Permission denied
find: ‘/proc/1668/task/1671/ns’: Permission denied
find: ‘/proc/1668/task/1752/fd’: Permission denied
find: ‘/proc/1668/task/1752/fdinfo’: Permission denied
find: ‘/proc/1668/task/1752/ns’: Permission denied
find: ‘/proc/1668/task/1753/fd’: Permission denied
find: ‘/proc/1668/task/1753/fdinfo’: Permission denied
find: ‘/proc/1668/task/1753/ns’: Permission denied
find: ‘/proc/1668/task/1754/fd’: Permission denied
find: ‘/proc/1668/task/1754/fdinfo’: Permission denied
find: ‘/proc/1668/task/1754/ns’: Permission denied
find: ‘/proc/1668/task/1755/fd’: Permission denied
find: ‘/proc/1668/task/1755/fdinfo’: Permission denied
find: ‘/proc/1668/task/1755/ns’: Permission denied
find: ‘/proc/1668/task/1756/fd’: Permission denied
find: ‘/proc/1668/task/1756/fdinfo’: Permission denied
find: ‘/proc/1668/task/1756/ns’: Permission denied
find: ‘/proc/1668/fd’: Permission denied
find: ‘/proc/1668/map_files’: Permission denied
find: ‘/proc/1668/fdinfo’: Permission denied
find: ‘/proc/1668/ns’: Permission denied
find: ‘/proc/2357/task/2357/fd’: Permission denied
find: ‘/proc/2357/task/2357/fdinfo’: Permission denied
find: ‘/proc/2357/task/2357/ns’: Permission denied
find: ‘/proc/2357/fd’: Permission denied
find: ‘/proc/2357/map_files’: Permission denied
find: ‘/proc/2357/fdinfo’: Permission denied
find: ‘/proc/2357/ns’: Permission denied
find: ‘/proc/3161/task/3161/fd’: Permission denied
find: ‘/proc/3161/task/3161/fdinfo’: Permission denied
find: ‘/proc/3161/task/3161/ns’: Permission denied
find: ‘/proc/3161/fd’: Permission denied
find: ‘/proc/3161/map_files’: Permission denied
find: ‘/proc/3161/fdinfo’: Permission denied
find: ‘/proc/3161/ns’: Permission denied
find: ‘/proc/3180/task/3180/fd’: Permission denied
find: ‘/proc/3180/task/3180/fdinfo’: Permission denied
find: ‘/proc/3180/task/3180/ns’: Permission denied
find: ‘/proc/3180/fd’: Permission denied
find: ‘/proc/3180/map_files’: Permission denied
find: ‘/proc/3180/fdinfo’: Permission denied
find: ‘/proc/3180/ns’: Permission denied
find: ‘/proc/3225/task/3225/fd’: Permission denied
find: ‘/proc/3225/task/3225/fdinfo’: Permission denied
find: ‘/proc/3225/task/3225/ns’: Permission denied
find: ‘/proc/3225/fd’: Permission denied
find: ‘/proc/3225/map_files’: Permission denied
find: ‘/proc/3225/fdinfo’: Permission denied
find: ‘/proc/3225/ns’: Permission denied
find: ‘/lost+found’: Permission denied
/home/paolo/.local/bin/virtualenvwrapper.sh
find: ‘/var/spool/rsyslog’: Permission denied
find: ‘/var/spool/cups’: Permission denied
find: ‘/var/spool/cron/crontabs’: Permission denied
find: ‘/var/cache/apt/archives/partial’: Permission denied
find: ‘/var/cache/ldconfig’: Permission denied
find: ‘/var/cache/cups’: Permission denied
find: ‘/var/log/speech-dispatcher’: Permission denied
find: ‘/var/tmp/systemd-private-3e0d13efcdd144e4915a0dd4c934c8f8-rtkit-daemon.service-r7yCmU’: Permission denied
find: ‘/var/tmp/systemd-private-3e0d13efcdd144e4915a0dd4c934c8f8-colord.service-VD7NGT’: Permission denied
find: ‘/var/lib/udisks2’: Permission denied
find: ‘/var/lib/lightdm’: Permission denied
find: ‘/var/lib/apt/lists/partial’: Permission denied
find: ‘/var/lib/snapd/cookie’: Permission denied
find: ‘/var/lib/polkit-1’: Permission denied
find: ‘/var/lib/colord/.cache’: Permission denied
find: ‘/tmp/systemd-private-3e0d13efcdd144e4915a0dd4c934c8f8-colord.service-1u8G1o’: Permission denied
find: ‘/tmp/systemd-private-3e0d13efcdd144e4915a0dd4c934c8f8-rtkit-daemon.service-E7IYdC’: Permission denied
find: ‘/run/udisks2’: Permission denied
find: ‘/run/lightdm’: Permission denied
find: ‘/run/cups/certs’: Permission denied
find: ‘/run/sudo’: Permission denied
find: ‘/run/systemd/inaccessible’: Permission denied
find: ‘/root’: Permission denied
find: ‘/sys/kernel/debug’: Permission denied
paolo@paolo-VirtualBox:~$ which virtualenvwrapper.sh
/home/paolo/.local/bin/virtualenvwrapper.sh
paolo@paolo-VirtualBox:~$ source /home/paolo/.local/bin/virtualenvwrapper.sh
virtualenvwrapper.user_scripts creating /home/paolo/Envs/premkproject
virtualenvwrapper.user_scripts creating /home/paolo/Envs/postmkproject
virtualenvwrapper.user_scripts creating /home/paolo/Envs/initialize
virtualenvwrapper.user_scripts creating /home/paolo/Envs/premkvirtualenv
virtualenvwrapper.user_scripts creating /home/paolo/Envs/postmkvirtualenv
virtualenvwrapper.user_scripts creating /home/paolo/Envs/prermvirtualenv
virtualenvwrapper.user_scripts creating /home/paolo/Envs/postrmvirtualenv
virtualenvwrapper.user_scripts creating /home/paolo/Envs/predeactivate
virtualenvwrapper.user_scripts creating /home/paolo/Envs/postdeactivate
virtualenvwrapper.user_scripts creating /home/paolo/Envs/preactivate
virtualenvwrapper.user_scripts creating /home/paolo/Envs/postactivate
virtualenvwrapper.user_scripts creating /home/paolo/Envs/get_env_details
paolo@paolo-VirtualBox:~$ mkvirtualenv env1
New python executable in /home/paolo/Envs/env1/bin/python
Installing setuptools, pip, wheel...done.
virtualenvwrapper.user_scripts creating /home/paolo/Envs/env1/bin/predeactivate
virtualenvwrapper.user_scripts creating /home/paolo/Envs/env1/bin/postdeactivate
virtualenvwrapper.user_scripts creating /home/paolo/Envs/env1/bin/preactivate
virtualenvwrapper.user_scripts creating /home/paolo/Envs/env1/bin/postactivate
virtualenvwrapper.user_scripts creating /home/paolo/Envs/env1/bin/get_env_details
(env1) paolo@paolo-VirtualBox:~$ mkvirtualenv cameo
New python executable in /home/paolo/Envs/cameo/bin/python
Installing setuptools, pip, wheel...done.
virtualenvwrapper.user_scripts creating /home/paolo/Envs/cameo/bin/predeactivate
virtualenvwrapper.user_scripts creating /home/paolo/Envs/cameo/bin/postdeactivate
virtualenvwrapper.user_scripts creating /home/paolo/Envs/cameo/bin/preactivate
virtualenvwrapper.user_scripts creating /home/paolo/Envs/cameo/bin/postactivate
virtualenvwrapper.user_scripts creating /home/paolo/Envs/cameo/bin/get_env_details
(cameo) paolo@paolo-VirtualBox:~$ work on cameo
No command 'work' found, did you mean:
 Command 'worm' from package 'bsdgames' (universe)
 Command 'pork' from package 'pork' (universe)
 Command 'wrk' from package 'wrk' (universe)
work: command not found
(cameo) paolo@paolo-VirtualBox:~$ workon cameo
(cameo) paolo@paolo-VirtualBox:~$ sudo apt-get install libglpk-dev glpk-utils swig
[sudo] password for paolo: 
Reading package lists... Done
Building dependency tree       
Reading state information... Done
The following additional packages will be installed:
  gfortran gfortran-5 libamd2.4.1 libblas-common libblas-dev libblas3 libbtf1.2.1 libcamd2.4.1 libccolamd2.9.1 libcholmod3.0.6
  libcsparse3.1.4 libcxsparse3.1.4 libgfortran-5-dev libgfortran3 libglpk36 libgmp-dev libgmpxx4ldbl libklu1.3.3 liblapack-dev
  liblapack3 libldl2.2.1 libspqr2.0.2 libsuitesparse-dev libumfpack5.7.1 swig3.0 zlib1g-dev
Suggested packages:
  gfortran-multilib gfortran-doc gfortran-5-multilib gfortran-5-doc libgfortran3-dbg liblapack-doc-man liblapack-doc libiodbc2-dev
  libmysqlclient-dev gmp-doc libgmp10-doc libmpfr-dev swig-doc swig-examples swig3.0-examples swig3.0-doc
The following NEW packages will be installed
  gfortran gfortran-5 glpk-utils libamd2.4.1 libblas-common libblas-dev libblas3 libbtf1.2.1 libcamd2.4.1 libccolamd2.9.1
  libcholmod3.0.6 libcsparse3.1.4 libcxsparse3.1.4 libgfortran-5-dev libgfortran3 libglpk-dev libglpk36 libgmp-dev libgmpxx4ldbl
  libklu1.3.3 liblapack-dev liblapack3 libldl2.2.1 libspqr2.0.2 libsuitesparse-dev libumfpack5.7.1 swig swig3.0 zlib1g-dev
0 to upgrade, 29 to newly install, 0 to remove and 16 not to upgrade.
Need to get 17.0 MB of archives.
After this operation, 64.2 MB of additional disk space will be used.
Do you want to continue? [Y/n] y
Get:1 http://gb.archive.ubuntu.com/ubuntu xenial-updates/main amd64 libgfortran3 amd64 5.4.0-6ubuntu1~16.04.5 [260 kB]
Get:2 http://gb.archive.ubuntu.com/ubuntu xenial-updates/main amd64 libgfortran-5-dev amd64 5.4.0-6ubuntu1~16.04.5 [291 kB]
Get:3 http://gb.archive.ubuntu.com/ubuntu xenial-updates/main amd64 gfortran-5 amd64 5.4.0-6ubuntu1~16.04.5 [8,161 kB]
Get:4 http://gb.archive.ubuntu.com/ubuntu xenial/main amd64 gfortran amd64 4:5.3.1-1ubuntu1 [1,288 B]
Get:5 http://gb.archive.ubuntu.com/ubuntu xenial/main amd64 libamd2.4.1 amd64 1:4.4.6-1 [21.3 kB]
Get:6 http://gb.archive.ubuntu.com/ubuntu xenial/universe amd64 libglpk36 amd64 4.57-1build3 [386 kB]
Get:7 http://gb.archive.ubuntu.com/ubuntu xenial/universe amd64 glpk-utils amd64 4.57-1build3 [99.7 kB]
Get:8 http://gb.archive.ubuntu.com/ubuntu xenial/main amd64 libblas-common amd64 3.6.0-2ubuntu2 [5,342 B]
Get:9 http://gb.archive.ubuntu.com/ubuntu xenial/main amd64 libblas3 amd64 3.6.0-2ubuntu2 [147 kB]
Get:10 http://gb.archive.ubuntu.com/ubuntu xenial/main amd64 libblas-dev amd64 3.6.0-2ubuntu2 [153 kB]
Get:11 http://gb.archive.ubuntu.com/ubuntu xenial/main amd64 libbtf1.2.1 amd64 1:4.4.6-1 [10.8 kB]
Get:12 http://gb.archive.ubuntu.com/ubuntu xenial/main amd64 libcamd2.4.1 amd64 1:4.4.6-1 [20.0 kB]
Get:13 http://gb.archive.ubuntu.com/ubuntu xenial/main amd64 libccolamd2.9.1 amd64 1:4.4.6-1 [21.5 kB]
Get:14 http://gb.archive.ubuntu.com/ubuntu xenial/main amd64 liblapack3 amd64 3.6.0-2ubuntu2 [1,938 kB]
Get:15 http://gb.archive.ubuntu.com/ubuntu xenial/main amd64 libcholmod3.0.6 amd64 1:4.4.6-1 [293 kB]
Get:16 http://gb.archive.ubuntu.com/ubuntu xenial/main amd64 libcsparse3.1.4 amd64 1:4.4.6-1 [26.3 kB]                              
Get:17 http://gb.archive.ubuntu.com/ubuntu xenial/main amd64 libcxsparse3.1.4 amd64 1:4.4.6-1 [62.8 kB]                             
Get:18 http://gb.archive.ubuntu.com/ubuntu xenial/main amd64 libgmpxx4ldbl amd64 2:6.1.0+dfsg-2 [8,948 B]                           
Get:19 http://gb.archive.ubuntu.com/ubuntu xenial/main amd64 libgmp-dev amd64 2:6.1.0+dfsg-2 [314 kB]                               
Get:20 http://gb.archive.ubuntu.com/ubuntu xenial-updates/main amd64 zlib1g-dev amd64 1:1.2.8.dfsg-2ubuntu4.1 [168 kB]              
Get:21 http://gb.archive.ubuntu.com/ubuntu xenial/main amd64 libklu1.3.3 amd64 1:4.4.6-1 [71.5 kB]                                  
Get:22 http://gb.archive.ubuntu.com/ubuntu xenial/main amd64 libldl2.2.1 amd64 1:4.4.6-1 [10.6 kB]                                  
Get:23 http://gb.archive.ubuntu.com/ubuntu xenial/main amd64 libumfpack5.7.1 amd64 1:4.4.6-1 [223 kB]                               
Get:24 http://gb.archive.ubuntu.com/ubuntu xenial/main amd64 libspqr2.0.2 amd64 1:4.4.6-1 [63.6 kB]                                 
Get:25 http://gb.archive.ubuntu.com/ubuntu xenial/main amd64 liblapack-dev amd64 3.6.0-2ubuntu2 [1,948 kB]                          
Get:26 http://gb.archive.ubuntu.com/ubuntu xenial/main amd64 libsuitesparse-dev amd64 1:4.4.6-1 [899 kB]                            
Get:27 http://gb.archive.ubuntu.com/ubuntu xenial/universe amd64 libglpk-dev amd64 4.57-1build3 [408 kB]                            
Get:28 http://gb.archive.ubuntu.com/ubuntu xenial/universe amd64 swig3.0 amd64 3.0.8-0ubuntu3 [995 kB]                              
Get:29 http://gb.archive.ubuntu.com/ubuntu xenial/universe amd64 swig amd64 3.0.8-0ubuntu3 [6,278 B]                                
Fetched 17.0 MB in 8s (2,101 kB/s)                                                                                                  
Selecting previously unselected package libgfortran3:amd64.
(Reading database ... 176847 files and directories currently installed.)
Preparing to unpack .../libgfortran3_5.4.0-6ubuntu1~16.04.5_amd64.deb ...
Unpacking libgfortran3:amd64 (5.4.0-6ubuntu1~16.04.5) ...
Selecting previously unselected package libgfortran-5-dev:amd64.
Preparing to unpack .../libgfortran-5-dev_5.4.0-6ubuntu1~16.04.5_amd64.deb ...
Unpacking libgfortran-5-dev:amd64 (5.4.0-6ubuntu1~16.04.5) ...
Selecting previously unselected package gfortran-5.
Preparing to unpack .../gfortran-5_5.4.0-6ubuntu1~16.04.5_amd64.deb ...
Unpacking gfortran-5 (5.4.0-6ubuntu1~16.04.5) ...
Selecting previously unselected package gfortran.
Preparing to unpack .../gfortran_4%3a5.3.1-1ubuntu1_amd64.deb ...
Unpacking gfortran (4:5.3.1-1ubuntu1) ...
Selecting previously unselected package libamd2.4.1:amd64.
Preparing to unpack .../libamd2.4.1_1%3a4.4.6-1_amd64.deb ...
Unpacking libamd2.4.1:amd64 (1:4.4.6-1) ...
Selecting previously unselected package libglpk36:amd64.
Preparing to unpack .../libglpk36_4.57-1build3_amd64.deb ...
Unpacking libglpk36:amd64 (4.57-1build3) ...
Selecting previously unselected package glpk-utils.
Preparing to unpack .../glpk-utils_4.57-1build3_amd64.deb ...
Unpacking glpk-utils (4.57-1build3) ...
Selecting previously unselected package libblas-common.
Preparing to unpack .../libblas-common_3.6.0-2ubuntu2_amd64.deb ...
Unpacking libblas-common (3.6.0-2ubuntu2) ...
Selecting previously unselected package libblas3.
Preparing to unpack .../libblas3_3.6.0-2ubuntu2_amd64.deb ...
Unpacking libblas3 (3.6.0-2ubuntu2) ...
Selecting previously unselected package libblas-dev.
Preparing to unpack .../libblas-dev_3.6.0-2ubuntu2_amd64.deb ...
Unpacking libblas-dev (3.6.0-2ubuntu2) ...
Selecting previously unselected package libbtf1.2.1:amd64.
Preparing to unpack .../libbtf1.2.1_1%3a4.4.6-1_amd64.deb ...
Unpacking libbtf1.2.1:amd64 (1:4.4.6-1) ...
Selecting previously unselected package libcamd2.4.1:amd64.
Preparing to unpack .../libcamd2.4.1_1%3a4.4.6-1_amd64.deb ...
Unpacking libcamd2.4.1:amd64 (1:4.4.6-1) ...
Selecting previously unselected package libccolamd2.9.1:amd64.
Preparing to unpack .../libccolamd2.9.1_1%3a4.4.6-1_amd64.deb ...
Unpacking libccolamd2.9.1:amd64 (1:4.4.6-1) ...
Selecting previously unselected package liblapack3.
Preparing to unpack .../liblapack3_3.6.0-2ubuntu2_amd64.deb ...
Unpacking liblapack3 (3.6.0-2ubuntu2) ...
Selecting previously unselected package libcholmod3.0.6:amd64.
Preparing to unpack .../libcholmod3.0.6_1%3a4.4.6-1_amd64.deb ...
Unpacking libcholmod3.0.6:amd64 (1:4.4.6-1) ...
Selecting previously unselected package libcsparse3.1.4:amd64.
Preparing to unpack .../libcsparse3.1.4_1%3a4.4.6-1_amd64.deb ...
Unpacking libcsparse3.1.4:amd64 (1:4.4.6-1) ...
Selecting previously unselected package libcxsparse3.1.4:amd64.
Preparing to unpack .../libcxsparse3.1.4_1%3a4.4.6-1_amd64.deb ...
Unpacking libcxsparse3.1.4:amd64 (1:4.4.6-1) ...
Selecting previously unselected package libgmpxx4ldbl:amd64.
Preparing to unpack .../libgmpxx4ldbl_2%3a6.1.0+dfsg-2_amd64.deb ...
Unpacking libgmpxx4ldbl:amd64 (2:6.1.0+dfsg-2) ...
Selecting previously unselected package libgmp-dev:amd64.
Preparing to unpack .../libgmp-dev_2%3a6.1.0+dfsg-2_amd64.deb ...
Unpacking libgmp-dev:amd64 (2:6.1.0+dfsg-2) ...
Selecting previously unselected package zlib1g-dev:amd64.
Preparing to unpack .../zlib1g-dev_1%3a1.2.8.dfsg-2ubuntu4.1_amd64.deb ...
Unpacking zlib1g-dev:amd64 (1:1.2.8.dfsg-2ubuntu4.1) ...
Selecting previously unselected package libklu1.3.3:amd64.
Preparing to unpack .../libklu1.3.3_1%3a4.4.6-1_amd64.deb ...
Unpacking libklu1.3.3:amd64 (1:4.4.6-1) ...
Selecting previously unselected package libldl2.2.1:amd64.
Preparing to unpack .../libldl2.2.1_1%3a4.4.6-1_amd64.deb ...
Unpacking libldl2.2.1:amd64 (1:4.4.6-1) ...
Selecting previously unselected package libumfpack5.7.1:amd64.
Preparing to unpack .../libumfpack5.7.1_1%3a4.4.6-1_amd64.deb ...
Unpacking libumfpack5.7.1:amd64 (1:4.4.6-1) ...
Selecting previously unselected package libspqr2.0.2:amd64.
Preparing to unpack .../libspqr2.0.2_1%3a4.4.6-1_amd64.deb ...
Unpacking libspqr2.0.2:amd64 (1:4.4.6-1) ...
Selecting previously unselected package liblapack-dev.
Preparing to unpack .../liblapack-dev_3.6.0-2ubuntu2_amd64.deb ...
Unpacking liblapack-dev (3.6.0-2ubuntu2) ...
Selecting previously unselected package libsuitesparse-dev:amd64.
Preparing to unpack .../libsuitesparse-dev_1%3a4.4.6-1_amd64.deb ...
Unpacking libsuitesparse-dev:amd64 (1:4.4.6-1) ...
Selecting previously unselected package libglpk-dev.
Preparing to unpack .../libglpk-dev_4.57-1build3_amd64.deb ...
Unpacking libglpk-dev (4.57-1build3) ...
Selecting previously unselected package swig3.0.
Preparing to unpack .../swig3.0_3.0.8-0ubuntu3_amd64.deb ...
Unpacking swig3.0 (3.0.8-0ubuntu3) ...
Selecting previously unselected package swig.
Preparing to unpack .../swig_3.0.8-0ubuntu3_amd64.deb ...
Unpacking swig (3.0.8-0ubuntu3) ...
Processing triggers for libc-bin (2.23-0ubuntu9) ...
Processing triggers for man-db (2.7.5-1) ...
Setting up libgfortran3:amd64 (5.4.0-6ubuntu1~16.04.5) ...
Setting up libgfortran-5-dev:amd64 (5.4.0-6ubuntu1~16.04.5) ...
Setting up gfortran-5 (5.4.0-6ubuntu1~16.04.5) ...
Setting up gfortran (4:5.3.1-1ubuntu1) ...
update-alternatives: using /usr/bin/gfortran to provide /usr/bin/f95 (f95) in auto mode
update-alternatives: using /usr/bin/gfortran to provide /usr/bin/f77 (f77) in auto mode
Setting up libamd2.4.1:amd64 (1:4.4.6-1) ...
Setting up libglpk36:amd64 (4.57-1build3) ...
Setting up glpk-utils (4.57-1build3) ...
Setting up libblas-common (3.6.0-2ubuntu2) ...
Setting up libblas3 (3.6.0-2ubuntu2) ...
update-alternatives: using /usr/lib/libblas/libblas.so.3 to provide /usr/lib/libblas.so.3 (libblas.so.3) in auto mode
Setting up libblas-dev (3.6.0-2ubuntu2) ...
update-alternatives: using /usr/lib/libblas/libblas.so to provide /usr/lib/libblas.so (libblas.so) in auto mode
Setting up libbtf1.2.1:amd64 (1:4.4.6-1) ...
Setting up libcamd2.4.1:amd64 (1:4.4.6-1) ...
Setting up libccolamd2.9.1:amd64 (1:4.4.6-1) ...
Setting up liblapack3 (3.6.0-2ubuntu2) ...
update-alternatives: using /usr/lib/lapack/liblapack.so.3 to provide /usr/lib/liblapack.so.3 (liblapack.so.3) in auto mode
Setting up libcholmod3.0.6:amd64 (1:4.4.6-1) ...
Setting up libcsparse3.1.4:amd64 (1:4.4.6-1) ...
Setting up libcxsparse3.1.4:amd64 (1:4.4.6-1) ...
Setting up libgmpxx4ldbl:amd64 (2:6.1.0+dfsg-2) ...
Setting up libgmp-dev:amd64 (2:6.1.0+dfsg-2) ...
Setting up zlib1g-dev:amd64 (1:1.2.8.dfsg-2ubuntu4.1) ...
Setting up libklu1.3.3:amd64 (1:4.4.6-1) ...
Setting up libldl2.2.1:amd64 (1:4.4.6-1) ...
Setting up libumfpack5.7.1:amd64 (1:4.4.6-1) ...
Setting up libspqr2.0.2:amd64 (1:4.4.6-1) ...
Setting up liblapack-dev (3.6.0-2ubuntu2) ...
update-alternatives: using /usr/lib/lapack/liblapack.so to provide /usr/lib/liblapack.so (liblapack.so) in auto mode
Setting up libsuitesparse-dev:amd64 (1:4.4.6-1) ...
Setting up libglpk-dev (4.57-1build3) ...
Setting up swig3.0 (3.0.8-0ubuntu3) ...
Setting up swig (3.0.8-0ubuntu3) ...
Processing triggers for libc-bin (2.23-0ubuntu9) ...
(cameo) paolo@paolo-VirtualBox:~$ pip install cameo
Collecting cameo
  Downloading cameo-0.11.3-py2.py3-none-any.whl (14.0MB)
    100% |████████████████████████████████| 14.0MB 66kB/s 
Collecting inspyred>=1.0 (from cameo)
  Downloading inspyred-1.0.1-py2.py3-none-any.whl (88kB)
    100% |████████████████████████████████| 92kB 3.7MB/s 
Collecting lazy-object-proxy>=1.2.0 (from cameo)
  Downloading lazy_object_proxy-1.3.1-cp27-cp27mu-manylinux1_x86_64.whl (56kB)
    100% |████████████████████████████████| 61kB 5.8MB/s 
Collecting future>=0.15.2 (from cameo)
  Downloading future-0.16.0.tar.gz (824kB)
    100% |████████████████████████████████| 829kB 724kB/s 
Collecting IProgress>=0.4 (from cameo)
  Downloading IProgress-0.4.tar.gz
    Complete output from command python setup.py egg_info:
    Traceback (most recent call last):
      File "<string>", line 1, in <module>
      File "/tmp/pip-build-4WO680/IProgress/setup.py", line 3, in <module>
        import IProgress
      File "IProgress/__init__.py", line 47, in <module>
        from .progressbar import *
      File "IProgress/progressbar.py", line 32, in <module>
        from six import next
    ImportError: No module named six
    
    ----------------------------------------
Command "python setup.py egg_info" failed with error code 1 in /tmp/pip-build-4WO680/IProgress/
(cameo) paolo@paolo-VirtualBox:~$ pip install cameo
Collecting cameo
  Using cached cameo-0.11.3-py2.py3-none-any.whl
Collecting inspyred>=1.0 (from cameo)
  Using cached inspyred-1.0.1-py2.py3-none-any.whl
Collecting lazy-object-proxy>=1.2.0 (from cameo)
  Using cached lazy_object_proxy-1.3.1-cp27-cp27mu-manylinux1_x86_64.whl
Collecting future>=0.15.2 (from cameo)
  Using cached future-0.16.0.tar.gz
Collecting IProgress>=0.4 (from cameo)
  Using cached IProgress-0.4.tar.gz
    Complete output from command python setup.py egg_info:
    Traceback (most recent call last):
      File "<string>", line 1, in <module>
      File "/tmp/pip-build-virYLh/IProgress/setup.py", line 3, in <module>
        import IProgress
      File "IProgress/__init__.py", line 47, in <module>
        from .progressbar import *
      File "IProgress/progressbar.py", line 32, in <module>
        from six import next
    ImportError: No module named six
    
    ----------------------------------------
Command "python setup.py egg_info" failed with error code 1 in /tmp/pip-build-virYLh/IProgress/
(cameo) paolo@paolo-VirtualBox:~$ pip install six
Collecting six
  Using cached six-1.11.0-py2.py3-none-any.whl
Installing collected packages: six
Successfully installed six-1.11.0
(cameo) paolo@paolo-VirtualBox:~$ pip install cameo
Collecting cameo
  Using cached cameo-0.11.3-py2.py3-none-any.whl
Collecting inspyred>=1.0 (from cameo)
  Using cached inspyred-1.0.1-py2.py3-none-any.whl
Collecting lazy-object-proxy>=1.2.0 (from cameo)
  Using cached lazy_object_proxy-1.3.1-cp27-cp27mu-manylinux1_x86_64.whl
Collecting future>=0.15.2 (from cameo)
  Using cached future-0.16.0.tar.gz
Collecting IProgress>=0.4 (from cameo)
  Using cached IProgress-0.4.tar.gz
Collecting optlang>=1.2.1 (from cameo)
  Downloading optlang-1.3.0.tar.gz (101kB)
    100% |████████████████████████████████| 102kB 1.3MB/s 
Collecting scipy>=0.14.0 (from cameo)
  Downloading scipy-1.0.0-cp27-cp27mu-manylinux1_x86_64.whl (46.7MB)
    100% |████████████████████████████████| 46.7MB 19kB/s 
Requirement already satisfied: six>=1.9.0 in ./Envs/cameo/lib/python2.7/site-packages (from cameo)
Collecting palettable>=2.1.1 (from cameo)
  Downloading palettable-3.1.0-py2.py3-none-any.whl (78kB)
    100% |████████████████████████████████| 81kB 2.2MB/s 
Collecting gnomic==1.0.1 (from cameo)
  Downloading gnomic-1.0.1.tar.gz
Collecting ordered-set>=1.2 (from cameo)
  Downloading ordered-set-2.0.2.tar.gz
Collecting numexpr>=2.4 (from cameo)
  Downloading numexpr-2.6.4-cp27-cp27mu-manylinux1_x86_64.whl (375kB)
    100% |████████████████████████████████| 378kB 1.3MB/s 
Collecting escher>=1.1.2 (from cameo)
  Downloading Escher-1.6.0-py2.py3-none-any.whl (1.4MB)
    100% |████████████████████████████████| 1.4MB 579kB/s 
Collecting networkx==1.9.1 (from cameo)
  Downloading networkx-1.9.1-py2.py3-none-any.whl (1.2MB)
    100% |████████████████████████████████| 1.2MB 574kB/s 
Collecting openpyxl>=2.4.5 (from cameo)
  Downloading openpyxl-2.4.9.tar.gz (157kB)
    100% |████████████████████████████████| 163kB 2.2MB/s 
Collecting blessings>=1.5.1 (from cameo)
  Downloading blessings-1.6.tar.gz
Collecting numpy>=1.9.1 (from cameo)
  Downloading numpy-1.13.3-cp27-cp27mu-manylinux1_x86_64.whl (16.6MB)
    100% |████████████████████████████████| 16.7MB 64kB/s 
Collecting pandas>=0.20.2 (from cameo)
  Downloading pandas-0.21.0-cp27-cp27mu-manylinux1_x86_64.whl (24.3MB)
    100% |████████████████████████████████| 24.3MB 40kB/s 
Collecting requests>=2.10.0 (from cameo)
  Downloading requests-2.18.4-py2.py3-none-any.whl (88kB)
    100% |████████████████████████████████| 92kB 1.2MB/s 
Collecting cobra>=0.8.0 (from cameo)
  Downloading cobra-0.9.1-cp27-cp27mu-manylinux1_x86_64.whl (3.3MB)
    100% |████████████████████████████████| 3.3MB 287kB/s 
Collecting click>=6.7 (from cameo)
  Downloading click-6.7-py2.py3-none-any.whl (71kB)
    100% |████████████████████████████████| 71kB 3.3MB/s 
Collecting sympy>=1.0.0 (from optlang>=1.2.1->cameo)
  Downloading sympy-1.1.1.tar.gz (4.6MB)
    100% |████████████████████████████████| 4.6MB 200kB/s 
Collecting swiglpk>=1.4.3 (from optlang>=1.2.1->cameo)
  Downloading swiglpk-1.4.4-cp27-cp27mu-manylinux1_x86_64.whl (1.8MB)
    100% |████████████████████████████████| 1.8MB 484kB/s 
Collecting grako==3.18.1 (from gnomic==1.0.1->cameo)
  Downloading grako-3.18.1-py2.py3-none-any.whl (76kB)
    100% |████████████████████████████████| 81kB 8.9MB/s 
Collecting pytest>=2.6.2 (from escher>=1.1.2->cameo)
  Downloading pytest-3.2.5-py2.py3-none-any.whl (188kB)
    100% |████████████████████████████████| 194kB 1.6MB/s 
Collecting tornado>=4.0.2 (from escher>=1.1.2->cameo)
  Downloading tornado-4.5.2.tar.gz (483kB)
    100% |████████████████████████████████| 491kB 1.0MB/s 
Collecting jsonschema>=2.4.0 (from escher>=1.1.2->cameo)
  Downloading jsonschema-2.6.0-py2.py3-none-any.whl
Collecting Jinja2>=2.7.3 (from escher>=1.1.2->cameo)
  Downloading Jinja2-2.10-py2.py3-none-any.whl (126kB)
    100% |████████████████████████████████| 133kB 658kB/s 
Collecting decorator>=3.4.0 (from networkx==1.9.1->cameo)
  Downloading decorator-4.1.2-py2.py3-none-any.whl
Collecting jdcal (from openpyxl>=2.4.5->cameo)
  Downloading jdcal-1.3.tar.gz
Collecting et_xmlfile (from openpyxl>=2.4.5->cameo)
  Downloading et_xmlfile-1.0.1.tar.gz
Collecting pytz>=2011k (from pandas>=0.20.2->cameo)
  Downloading pytz-2017.3-py2.py3-none-any.whl (511kB)
    100% |████████████████████████████████| 512kB 1.1MB/s 
Collecting python-dateutil (from pandas>=0.20.2->cameo)
  Downloading python_dateutil-2.6.1-py2.py3-none-any.whl (194kB)
    100% |████████████████████████████████| 194kB 2.4MB/s 
Collecting urllib3<1.23,>=1.21.1 (from requests>=2.10.0->cameo)
  Downloading urllib3-1.22-py2.py3-none-any.whl (132kB)
    100% |████████████████████████████████| 133kB 1.5MB/s 
Collecting idna<2.7,>=2.5 (from requests>=2.10.0->cameo)
  Downloading idna-2.6-py2.py3-none-any.whl (56kB)
    100% |████████████████████████████████| 61kB 3.5MB/s 
Collecting chardet<3.1.0,>=3.0.2 (from requests>=2.10.0->cameo)
  Downloading chardet-3.0.4-py2.py3-none-any.whl (133kB)
    100% |████████████████████████████████| 143kB 2.5MB/s 
Collecting certifi>=2017.4.17 (from requests>=2.10.0->cameo)
  Downloading certifi-2017.11.5-py2.py3-none-any.whl (330kB)
    100% |████████████████████████████████| 337kB 1.2MB/s 
Collecting ruamel.yaml<0.15 (from cobra>=0.8.0->cameo)
  Downloading ruamel.yaml-0.14.12-cp27-cp27mu-manylinux1_x86_64.whl (519kB)
    100% |████████████████████████████████| 522kB 947kB/s 
Collecting tabulate (from cobra>=0.8.0->cameo)
  Downloading tabulate-0.8.1.tar.gz (45kB)
    100% |████████████████████████████████| 51kB 2.4MB/s 
Collecting mpmath>=0.19 (from sympy>=1.0.0->optlang>=1.2.1->cameo)
  Downloading mpmath-1.0.0.tar.gz (511kB)
    100% |████████████████████████████████| 512kB 930kB/s 
Requirement already satisfied: setuptools in ./Envs/cameo/lib/python2.7/site-packages (from pytest>=2.6.2->escher>=1.1.2->cameo)
Collecting py>=1.4.33 (from pytest>=2.6.2->escher>=1.1.2->cameo)
  Downloading py-1.5.2-py2.py3-none-any.whl (88kB)
    100% |████████████████████████████████| 92kB 2.6MB/s 
Collecting singledispatch (from tornado>=4.0.2->escher>=1.1.2->cameo)
  Downloading singledispatch-3.4.0.3-py2.py3-none-any.whl
Collecting backports_abc>=0.4 (from tornado>=4.0.2->escher>=1.1.2->cameo)
  Downloading backports_abc-0.5-py2.py3-none-any.whl
Collecting functools32; python_version == "2.7" (from jsonschema>=2.4.0->escher>=1.1.2->cameo)
  Downloading functools32-3.2.3-2.zip
Collecting MarkupSafe>=0.23 (from Jinja2>=2.7.3->escher>=1.1.2->cameo)
  Downloading MarkupSafe-1.0.tar.gz
Collecting ruamel.ordereddict (from ruamel.yaml<0.15->cobra>=0.8.0->cameo)
  Downloading ruamel.ordereddict-0.4.13-cp27-cp27mu-manylinux1_x86_64.whl (99kB)
    100% |████████████████████████████████| 102kB 694kB/s 
Building wheels for collected packages: future, IProgress, optlang, gnomic, ordered-set, openpyxl, blessings, sympy, tornado, jdcal, et-xmlfile, tabulate, mpmath, functools32, MarkupSafe
  Running setup.py bdist_wheel for future ... done
  Stored in directory: /home/paolo/.cache/pip/wheels/c2/50/7c/0d83b4baac4f63ff7a765bd16390d2ab43c93587fac9d6017a
  Running setup.py bdist_wheel for IProgress ... done
  Stored in directory: /home/paolo/.cache/pip/wheels/be/b4/6e/3d9620f528459442af08380d0795648e21414e2b9b97a4cfa1
  Running setup.py bdist_wheel for optlang ... done
  Stored in directory: /home/paolo/.cache/pip/wheels/2d/68/7f/323a5248262312307b1d7c5d37c04f4f545ccc1f9ff7bf2500
  Running setup.py bdist_wheel for gnomic ... done
  Stored in directory: /home/paolo/.cache/pip/wheels/f0/41/4d/7cc36148e76ba872115579e33e7eefffa9bfd1c1931da7aedf
  Running setup.py bdist_wheel for ordered-set ... done
  Stored in directory: /home/paolo/.cache/pip/wheels/f4/43/ca/fc4c4db9a49c68da81266de2718896dc6a57e7a309e3a80d96
  Running setup.py bdist_wheel for openpyxl ... done
  Stored in directory: /home/paolo/.cache/pip/wheels/8d/ae/96/0b8e7890053c46c22b48d021d104b00e5544c3aedd641749e1
  Running setup.py bdist_wheel for blessings ... done
  Stored in directory: /home/paolo/.cache/pip/wheels/a5/7c/ba/e52b14bbd1b8cdeeb0771b03e1cca9b9d438c6e0054144a508
  Running setup.py bdist_wheel for sympy ... done
  Stored in directory: /home/paolo/.cache/pip/wheels/86/b6/ef/72760cc52418901e59f20a85454243f2c9503a8f89b5501f5f
  Running setup.py bdist_wheel for tornado ... done
  Stored in directory: /home/paolo/.cache/pip/wheels/b3/47/3a/96e12476829cb196adabc879fedb72f1bb2c8613b6961e78e7
  Running setup.py bdist_wheel for jdcal ... done
  Stored in directory: /home/paolo/.cache/pip/wheels/0f/63/92/19ac65ed64189de4d662f269d39dd08a887258842ad2f29549
  Running setup.py bdist_wheel for et-xmlfile ... done
  Stored in directory: /home/paolo/.cache/pip/wheels/99/f6/53/5e18f3ff4ce36c990fa90ebdf2b80cd9b44dc461f750a1a77c
  Running setup.py bdist_wheel for tabulate ... done
  Stored in directory: /home/paolo/.cache/pip/wheels/58/89/d5/15530bd5cb3729e1da8e9a9eb03ea81de30f94e44545400917
  Running setup.py bdist_wheel for mpmath ... done
  Stored in directory: /home/paolo/.cache/pip/wheels/f9/86/f7/eecdbbecc0bc292faa3dfbafd546c38b73ae9762aee9e9ac82
  Running setup.py bdist_wheel for functools32 ... done
  Stored in directory: /home/paolo/.cache/pip/wheels/3c/d0/09/cd78d0ff4d6cfecfbd730782a7815a4571cd2cd4d2ed6e69d9
  Running setup.py bdist_wheel for MarkupSafe ... done
  Stored in directory: /home/paolo/.cache/pip/wheels/88/a7/30/e39a54a87bcbe25308fa3ca64e8ddc75d9b3e5afa21ee32d57
Successfully built future IProgress optlang gnomic ordered-set openpyxl blessings sympy tornado jdcal et-xmlfile tabulate mpmath functools32 MarkupSafe
Installing collected packages: inspyred, lazy-object-proxy, future, IProgress, mpmath, sympy, swiglpk, optlang, numpy, scipy, palettable, grako, gnomic, ordered-set, numexpr, py, pytest, singledispatch, certifi, backports-abc, tornado, functools32, jsonschema, pytz, python-dateutil, pandas, ruamel.ordereddict, ruamel.yaml, tabulate, cobra, MarkupSafe, Jinja2, escher, decorator, networkx, jdcal, et-xmlfile, openpyxl, blessings, urllib3, idna, chardet, requests, click, cameo
Successfully installed IProgress-0.4 Jinja2-2.10 MarkupSafe-1.0 backports-abc-0.5 blessings-1.6 cameo-0.11.3 certifi-2017.11.5 chardet-3.0.4 click-6.7 cobra-0.9.1 decorator-4.1.2 escher-1.6.0 et-xmlfile-1.0.1 functools32-3.2.3.post2 future-0.16.0 gnomic-1.0.1 grako-3.18.1 idna-2.6 inspyred-1.0.1 jdcal-1.3 jsonschema-2.6.0 lazy-object-proxy-1.3.1 mpmath-1.0.0 networkx-1.9.1 numexpr-2.6.4 numpy-1.13.3 openpyxl-2.4.9 optlang-1.3.0 ordered-set-2.0.2 palettable-3.1.0 pandas-0.21.0 py-1.5.2 pytest-3.2.5 python-dateutil-2.6.1 pytz-2017.3 requests-2.18.4 ruamel.ordereddict-0.4.13 ruamel.yaml-0.14.12 scipy-1.0.0 singledispatch-3.4.0.3 swiglpk-1.4.4 sympy-1.1.1 tabulate-0.8.1 tornado-4.5.2 urllib3-1.22
(cameo) paolo@paolo-VirtualBox:~$ pip install cameo[all]
Requirement already satisfied: cameo[all] in ./Envs/cameo/lib/python2.7/site-packages
Requirement already satisfied: inspyred>=1.0 in ./Envs/cameo/lib/python2.7/site-packages (from cameo[all])
Requirement already satisfied: lazy-object-proxy>=1.2.0 in ./Envs/cameo/lib/python2.7/site-packages (from cameo[all])
Requirement already satisfied: future>=0.15.2 in ./Envs/cameo/lib/python2.7/site-packages (from cameo[all])
Requirement already satisfied: IProgress>=0.4 in ./Envs/cameo/lib/python2.7/site-packages (from cameo[all])
Requirement already satisfied: optlang>=1.2.1 in ./Envs/cameo/lib/python2.7/site-packages (from cameo[all])
Requirement already satisfied: scipy>=0.14.0 in ./Envs/cameo/lib/python2.7/site-packages (from cameo[all])
Requirement already satisfied: six>=1.9.0 in ./Envs/cameo/lib/python2.7/site-packages (from cameo[all])
Requirement already satisfied: palettable>=2.1.1 in ./Envs/cameo/lib/python2.7/site-packages (from cameo[all])
Requirement already satisfied: gnomic==1.0.1 in ./Envs/cameo/lib/python2.7/site-packages (from cameo[all])
Requirement already satisfied: ordered-set>=1.2 in ./Envs/cameo/lib/python2.7/site-packages (from cameo[all])
Requirement already satisfied: numexpr>=2.4 in ./Envs/cameo/lib/python2.7/site-packages (from cameo[all])
Requirement already satisfied: escher>=1.1.2 in ./Envs/cameo/lib/python2.7/site-packages (from cameo[all])
Requirement already satisfied: networkx==1.9.1 in ./Envs/cameo/lib/python2.7/site-packages (from cameo[all])
Requirement already satisfied: openpyxl>=2.4.5 in ./Envs/cameo/lib/python2.7/site-packages (from cameo[all])
Requirement already satisfied: blessings>=1.5.1 in ./Envs/cameo/lib/python2.7/site-packages (from cameo[all])
Requirement already satisfied: numpy>=1.9.1 in ./Envs/cameo/lib/python2.7/site-packages (from cameo[all])
Requirement already satisfied: pandas>=0.20.2 in ./Envs/cameo/lib/python2.7/site-packages (from cameo[all])
Requirement already satisfied: requests>=2.10.0 in ./Envs/cameo/lib/python2.7/site-packages (from cameo[all])
Requirement already satisfied: cobra>=0.8.0 in ./Envs/cameo/lib/python2.7/site-packages (from cameo[all])
Requirement already satisfied: click>=6.7 in ./Envs/cameo/lib/python2.7/site-packages (from cameo[all])
Collecting pytest-benchmark; extra == "all" (from cameo[all])
  Downloading pytest_benchmark-3.1.1-py2.py3-none-any.whl (52kB)
    100% |████████████████████████████████| 61kB 1.1MB/s 
Requirement already satisfied: pytest; extra == "all" in ./Envs/cameo/lib/python2.7/site-packages (from cameo[all])
Collecting Sphinx>=1.3.5; extra == "all" (from cameo[all])
  Downloading Sphinx-1.6.5-py2.py3-none-any.whl (1.9MB)
    100% |████████████████████████████████| 1.9MB 435kB/s 
Collecting ipywidgets>=4.1.1; extra == "all" (from cameo[all])
  Downloading ipywidgets-7.0.5-py2.py3-none-any.whl (68kB)
    100% |████████████████████████████████| 71kB 7.9MB/s 
Collecting plotly>=1.9.6; extra == "all" (from cameo[all])
  Downloading plotly-2.2.1.tar.gz (1.1MB)
    100% |████████████████████████████████| 1.1MB 567kB/s 
Collecting pytest-cov; extra == "all" (from cameo[all])
  Downloading pytest_cov-2.5.1-py2.py3-none-any.whl
Collecting ipyparallel>=5.0.1; extra == "all" (from cameo[all])
  Downloading ipyparallel-6.0.2-py2.py3-none-any.whl (190kB)
    100% |████████████████████████████████| 194kB 1.9MB/s 
Collecting lxml>=3.6.0; extra == "all" (from cameo[all])
  Downloading lxml-4.1.1-cp27-cp27mu-manylinux1_x86_64.whl (5.6MB)
    100% |████████████████████████████████| 5.6MB 172kB/s 
Collecting jupyter>=1.0.0; extra == "all" (from cameo[all])
  Downloading jupyter-1.0.0-py2.py3-none-any.whl
Collecting python-libsbml>=5.13.0; extra == "all" (from cameo[all])
  Downloading python_libsbml-5.15.0-cp27-cp27mu-manylinux1_x86_64.whl (28.8MB)
    100% |████████████████████████████████| 28.8MB 35kB/s 
Collecting numpydoc>=0.5; extra == "all" (from cameo[all])
  Downloading numpydoc-0.7.0.tar.gz
Collecting bokeh<=0.12.1; extra == "all" (from cameo[all])
  Downloading bokeh-0.12.1.tar.gz (3.6MB)
    100% |████████████████████████████████| 3.6MB 274kB/s 
Collecting redis>=2.10.5; extra == "all" (from cameo[all])
  Downloading redis-2.10.6-py2.py3-none-any.whl (64kB)
    100% |████████████████████████████████| 71kB 4.1MB/s 
Requirement already satisfied: sympy>=1.0.0 in ./Envs/cameo/lib/python2.7/site-packages (from optlang>=1.2.1->cameo[all])
Requirement already satisfied: swiglpk>=1.4.3 in ./Envs/cameo/lib/python2.7/site-packages (from optlang>=1.2.1->cameo[all])
Requirement already satisfied: grako==3.18.1 in ./Envs/cameo/lib/python2.7/site-packages (from gnomic==1.0.1->cameo[all])
Requirement already satisfied: tornado>=4.0.2 in ./Envs/cameo/lib/python2.7/site-packages (from escher>=1.1.2->cameo[all])
Requirement already satisfied: jsonschema>=2.4.0 in ./Envs/cameo/lib/python2.7/site-packages (from escher>=1.1.2->cameo[all])
Requirement already satisfied: Jinja2>=2.7.3 in ./Envs/cameo/lib/python2.7/site-packages (from escher>=1.1.2->cameo[all])
Requirement already satisfied: decorator>=3.4.0 in ./Envs/cameo/lib/python2.7/site-packages (from networkx==1.9.1->cameo[all])
Requirement already satisfied: et-xmlfile in ./Envs/cameo/lib/python2.7/site-packages (from openpyxl>=2.4.5->cameo[all])
Requirement already satisfied: jdcal in ./Envs/cameo/lib/python2.7/site-packages (from openpyxl>=2.4.5->cameo[all])
Requirement already satisfied: pytz>=2011k in ./Envs/cameo/lib/python2.7/site-packages (from pandas>=0.20.2->cameo[all])
Requirement already satisfied: python-dateutil in ./Envs/cameo/lib/python2.7/site-packages (from pandas>=0.20.2->cameo[all])
Requirement already satisfied: urllib3<1.23,>=1.21.1 in ./Envs/cameo/lib/python2.7/site-packages (from requests>=2.10.0->cameo[all])
Requirement already satisfied: idna<2.7,>=2.5 in ./Envs/cameo/lib/python2.7/site-packages (from requests>=2.10.0->cameo[all])
Requirement already satisfied: chardet<3.1.0,>=3.0.2 in ./Envs/cameo/lib/python2.7/site-packages (from requests>=2.10.0->cameo[all])
Requirement already satisfied: certifi>=2017.4.17 in ./Envs/cameo/lib/python2.7/site-packages (from requests>=2.10.0->cameo[all])
Requirement already satisfied: ruamel.yaml<0.15 in ./Envs/cameo/lib/python2.7/site-packages (from cobra>=0.8.0->cameo[all])
Requirement already satisfied: tabulate in ./Envs/cameo/lib/python2.7/site-packages (from cobra>=0.8.0->cameo[all])
Collecting py-cpuinfo (from pytest-benchmark; extra == "all"->cameo[all])
  Downloading py-cpuinfo-3.3.0.tar.gz (76kB)
    100% |████████████████████████████████| 81kB 3.8MB/s 
Collecting statistics; python_version < "3.4" (from pytest-benchmark; extra == "all"->cameo[all])
  Downloading statistics-1.0.3.5.tar.gz
Collecting pathlib; python_version < "3.4" (from pytest-benchmark; extra == "all"->cameo[all])
  Downloading pathlib-1.0.1.tar.gz (49kB)
    100% |████████████████████████████████| 51kB 3.0MB/s 
Requirement already satisfied: setuptools in ./Envs/cameo/lib/python2.7/site-packages (from pytest; extra == "all"->cameo[all])
Requirement already satisfied: py>=1.4.33 in ./Envs/cameo/lib/python2.7/site-packages (from pytest; extra == "all"->cameo[all])
Collecting sphinxcontrib-websupport (from Sphinx>=1.3.5; extra == "all"->cameo[all])
  Downloading sphinxcontrib_websupport-1.0.1-py2.py3-none-any.whl
Collecting docutils>=0.11 (from Sphinx>=1.3.5; extra == "all"->cameo[all])
  Downloading docutils-0.14-py2-none-any.whl (543kB)
    100% |████████████████████████████████| 552kB 998kB/s 
Collecting typing; python_version < "3.5" (from Sphinx>=1.3.5; extra == "all"->cameo[all])
  Downloading typing-3.6.2-py2-none-any.whl
Collecting Pygments>=2.0 (from Sphinx>=1.3.5; extra == "all"->cameo[all])
  Downloading Pygments-2.2.0-py2.py3-none-any.whl (841kB)
    100% |████████████████████████████████| 849kB 651kB/s 
Collecting imagesize (from Sphinx>=1.3.5; extra == "all"->cameo[all])
  Downloading imagesize-0.7.1-py2.py3-none-any.whl
Collecting babel!=2.0,>=1.3 (from Sphinx>=1.3.5; extra == "all"->cameo[all])
  Downloading Babel-2.5.1-py2.py3-none-any.whl (6.8MB)
    100% |████████████████████████████████| 6.8MB 148kB/s 
Collecting snowballstemmer>=1.1 (from Sphinx>=1.3.5; extra == "all"->cameo[all])
  Downloading snowballstemmer-1.2.1-py2.py3-none-any.whl (64kB)
    100% |████████████████████████████████| 71kB 3.9MB/s 
Collecting alabaster<0.8,>=0.7 (from Sphinx>=1.3.5; extra == "all"->cameo[all])
  Downloading alabaster-0.7.10-py2.py3-none-any.whl
Collecting nbformat>=4.2.0 (from ipywidgets>=4.1.1; extra == "all"->cameo[all])
  Downloading nbformat-4.4.0-py2.py3-none-any.whl (155kB)
    100% |████████████████████████████████| 163kB 2.6MB/s 
Collecting ipython<6.0.0,>=4.0.0; python_version < "3.3" (from ipywidgets>=4.1.1; extra == "all"->cameo[all])
  Downloading ipython-5.5.0-py2-none-any.whl (758kB)
    100% |████████████████████████████████| 768kB 663kB/s 
Collecting ipykernel>=4.5.1 (from ipywidgets>=4.1.1; extra == "all"->cameo[all])
  Downloading ipykernel-4.6.1-py2-none-any.whl (104kB)
    100% |████████████████████████████████| 112kB 2.8MB/s 
Collecting widgetsnbextension~=3.0.0 (from ipywidgets>=4.1.1; extra == "all"->cameo[all])
  Downloading widgetsnbextension-3.0.8-py2.py3-none-any.whl (2.2MB)
    100% |████████████████████████████████| 2.2MB 380kB/s 
Collecting traitlets>=4.3.1 (from ipywidgets>=4.1.1; extra == "all"->cameo[all])
  Downloading traitlets-4.3.2-py2.py3-none-any.whl (74kB)
    100% |████████████████████████████████| 81kB 4.4MB/s 
Collecting coverage>=3.7.1 (from pytest-cov; extra == "all"->cameo[all])
  Downloading coverage-4.4.2-cp27-cp27mu-manylinux1_x86_64.whl (194kB)
    100% |████████████████████████████████| 204kB 1.8MB/s 
Collecting pyzmq>=13 (from ipyparallel>=5.0.1; extra == "all"->cameo[all])
  Downloading pyzmq-16.0.3-cp27-cp27mu-manylinux1_x86_64.whl (3.0MB)
    100% |████████████████████████████████| 3.0MB 311kB/s 
Collecting ipython-genutils (from ipyparallel>=5.0.1; extra == "all"->cameo[all])
  Downloading ipython_genutils-0.2.0-py2.py3-none-any.whl
Collecting jupyter-client (from ipyparallel>=5.0.1; extra == "all"->cameo[all])
  Downloading jupyter_client-5.1.0-py2.py3-none-any.whl (84kB)
    100% |████████████████████████████████| 92kB 3.9MB/s 
Collecting futures; python_version == "2.7" (from ipyparallel>=5.0.1; extra == "all"->cameo[all])
  Downloading futures-3.1.1-py2-none-any.whl
Collecting jupyter-console (from jupyter>=1.0.0; extra == "all"->cameo[all])
  Downloading jupyter_console-5.2.0-py2.py3-none-any.whl
Collecting qtconsole (from jupyter>=1.0.0; extra == "all"->cameo[all])
  Downloading qtconsole-4.3.1-py2.py3-none-any.whl (108kB)
    100% |████████████████████████████████| 112kB 1.8MB/s 
Collecting notebook (from jupyter>=1.0.0; extra == "all"->cameo[all])
  Downloading notebook-5.2.1-py2.py3-none-any.whl (8.0MB)
    100% |████████████████████████████████| 8.0MB 115kB/s 
Collecting nbconvert (from jupyter>=1.0.0; extra == "all"->cameo[all])
  Downloading nbconvert-5.3.1-py2.py3-none-any.whl (387kB)
    100% |████████████████████████████████| 389kB 609kB/s 
Collecting PyYAML>=3.10 (from bokeh<=0.12.1; extra == "all"->cameo[all])
  Downloading PyYAML-3.12.tar.gz (253kB)
    100% |████████████████████████████████| 256kB 2.0MB/s 
Requirement already satisfied: mpmath>=0.19 in ./Envs/cameo/lib/python2.7/site-packages (from sympy>=1.0.0->optlang>=1.2.1->cameo[all])
Requirement already satisfied: singledispatch in ./Envs/cameo/lib/python2.7/site-packages (from tornado>=4.0.2->escher>=1.1.2->cameo[all])
Requirement already satisfied: backports-abc>=0.4 in ./Envs/cameo/lib/python2.7/site-packages (from tornado>=4.0.2->escher>=1.1.2->cameo[all])
Requirement already satisfied: functools32; python_version == "2.7" in ./Envs/cameo/lib/python2.7/site-packages (from jsonschema>=2.4.0->escher>=1.1.2->cameo[all])
Requirement already satisfied: MarkupSafe>=0.23 in ./Envs/cameo/lib/python2.7/site-packages (from Jinja2>=2.7.3->escher>=1.1.2->cameo[all])
Requirement already satisfied: ruamel.ordereddict in ./Envs/cameo/lib/python2.7/site-packages (from ruamel.yaml<0.15->cobra>=0.8.0->cameo[all])
Collecting jupyter-core (from nbformat>=4.2.0->ipywidgets>=4.1.1; extra == "all"->cameo[all])
  Downloading jupyter_core-4.4.0-py2.py3-none-any.whl (126kB)
    100% |████████████████████████████████| 133kB 4.6MB/s 
Collecting pickleshare (from ipython<6.0.0,>=4.0.0; python_version < "3.3"->ipywidgets>=4.1.1; extra == "all"->cameo[all])
  Downloading pickleshare-0.7.4-py2.py3-none-any.whl
Collecting simplegeneric>0.8 (from ipython<6.0.0,>=4.0.0; python_version < "3.3"->ipywidgets>=4.1.1; extra == "all"->cameo[all])
  Downloading simplegeneric-0.8.1.zip
Collecting backports.shutil-get-terminal-size; python_version == "2.7" (from ipython<6.0.0,>=4.0.0; python_version < "3.3"->ipywidgets>=4.1.1; extra == "all"->cameo[all])
  Downloading backports.shutil_get_terminal_size-1.0.0-py2.py3-none-any.whl
Collecting pexpect; sys_platform != "win32" (from ipython<6.0.0,>=4.0.0; python_version < "3.3"->ipywidgets>=4.1.1; extra == "all"->cameo[all])
  Downloading pexpect-4.3.0-py2.py3-none-any.whl (55kB)
    100% |████████████████████████████████| 61kB 1.7MB/s 
Collecting pathlib2; python_version == "2.7" or python_version == "3.3" (from ipython<6.0.0,>=4.0.0; python_version < "3.3"->ipywidgets>=4.1.1; extra == "all"->cameo[all])
  Downloading pathlib2-2.3.0-py2.py3-none-any.whl
Collecting prompt-toolkit<2.0.0,>=1.0.4 (from ipython<6.0.0,>=4.0.0; python_version < "3.3"->ipywidgets>=4.1.1; extra == "all"->cameo[all])
  Downloading prompt_toolkit-1.0.15-py2-none-any.whl (247kB)
    100% |████████████████████████████████| 256kB 2.1MB/s 
Collecting enum34; python_version == "2.7" (from traitlets>=4.3.1->ipywidgets>=4.1.1; extra == "all"->cameo[all])
  Downloading enum34-1.1.6-py2-none-any.whl
Collecting terminado>=0.3.3; sys_platform != "win32" (from notebook->jupyter>=1.0.0; extra == "all"->cameo[all])
  Downloading terminado-0.7-py2.py3-none-any.whl
Collecting bleach (from nbconvert->jupyter>=1.0.0; extra == "all"->cameo[all])
  Downloading bleach-2.1.1-py2.py3-none-any.whl
Collecting mistune>=0.7.4 (from nbconvert->jupyter>=1.0.0; extra == "all"->cameo[all])
  Downloading mistune-0.8.1-py2.py3-none-any.whl
Collecting testpath (from nbconvert->jupyter>=1.0.0; extra == "all"->cameo[all])
  Downloading testpath-0.3.1-py2.py3-none-any.whl (161kB)
    100% |████████████████████████████████| 163kB 700kB/s 
Collecting entrypoints>=0.2.2 (from nbconvert->jupyter>=1.0.0; extra == "all"->cameo[all])
  Downloading entrypoints-0.2.3-py2.py3-none-any.whl
Collecting pandocfilters>=1.4.1 (from nbconvert->jupyter>=1.0.0; extra == "all"->cameo[all])
  Downloading pandocfilters-1.4.2.tar.gz
Collecting ptyprocess>=0.5 (from pexpect; sys_platform != "win32"->ipython<6.0.0,>=4.0.0; python_version < "3.3"->ipywidgets>=4.1.1; extra == "all"->cameo[all])
  Downloading ptyprocess-0.5.2-py2.py3-none-any.whl
Collecting scandir; python_version < "3.5" (from pathlib2; python_version == "2.7" or python_version == "3.3"->ipython<6.0.0,>=4.0.0; python_version < "3.3"->ipywidgets>=4.1.1; extra == "all"->cameo[all])
  Downloading scandir-1.6.tar.gz
Collecting wcwidth (from prompt-toolkit<2.0.0,>=1.0.4->ipython<6.0.0,>=4.0.0; python_version < "3.3"->ipywidgets>=4.1.1; extra == "all"->cameo[all])
  Downloading wcwidth-0.1.7-py2.py3-none-any.whl
Collecting html5lib!=1.0b1,!=1.0b2,!=1.0b3,!=1.0b4,!=1.0b5,!=1.0b6,!=1.0b7,!=1.0b8,>=0.99999999pre (from bleach->nbconvert->jupyter>=1.0.0; extra == "all"->cameo[all])
  Downloading html5lib-1.0b10-py2.py3-none-any.whl (112kB)
    100% |████████████████████████████████| 112kB 2.5MB/s 
Collecting configparser>=3.5; python_version == "2.7" (from entrypoints>=0.2.2->nbconvert->jupyter>=1.0.0; extra == "all"->cameo[all])
  Downloading configparser-3.5.0.tar.gz
Collecting webencodings (from html5lib!=1.0b1,!=1.0b2,!=1.0b3,!=1.0b4,!=1.0b5,!=1.0b6,!=1.0b7,!=1.0b8,>=0.99999999pre->bleach->nbconvert->jupyter>=1.0.0; extra == "all"->cameo[all])
  Downloading webencodings-0.5.1-py2.py3-none-any.whl
Building wheels for collected packages: plotly, numpydoc, bokeh, py-cpuinfo, statistics, pathlib, PyYAML, simplegeneric, pandocfilters, scandir, configparser
  Running setup.py bdist_wheel for plotly ... done
  Stored in directory: /home/paolo/.cache/pip/wheels/cc/87/3f/6a282eb21da5d8223472bed40ee023cdcf2e9691b117969a4c
  Running setup.py bdist_wheel for numpydoc ... done
  Stored in directory: /home/paolo/.cache/pip/wheels/b1/31/6b/8dd433e05145d7d11c201c93c5ebfd9e49a609674b1ce404a6
  Running setup.py bdist_wheel for bokeh ... done
  Stored in directory: /home/paolo/.cache/pip/wheels/43/81/31/65c9854222564898592b00d984fd49c60fa8de2751236622f0
  Running setup.py bdist_wheel for py-cpuinfo ... done
  Stored in directory: /home/paolo/.cache/pip/wheels/a0/7a/be/03a05b26f48a7c49fdce56f34fdde3c3043feed6ed84afde3c
  Running setup.py bdist_wheel for statistics ... done
  Stored in directory: /home/paolo/.cache/pip/wheels/57/4b/23/14a5c991d6718a8ca1c708a414b7686b0cd33418f210512db3
  Running setup.py bdist_wheel for pathlib ... done
  Stored in directory: /home/paolo/.cache/pip/wheels/2a/23/a5/d8803db5d631e9f391fe6defe982a238bf5483062eeb34e841
  Running setup.py bdist_wheel for PyYAML ... done
  Stored in directory: /home/paolo/.cache/pip/wheels/2c/f7/79/13f3a12cd723892437c0cfbde1230ab4d82947ff7b3839a4fc
  Running setup.py bdist_wheel for simplegeneric ... done
  Stored in directory: /home/paolo/.cache/pip/wheels/7b/31/08/c85e74c84188cbec6a6827beec4d640f2bd78ae003dc1ec09d
  Running setup.py bdist_wheel for pandocfilters ... done
  Stored in directory: /home/paolo/.cache/pip/wheels/08/5b/5b/66b3cde6f8215f8345479ef3699d6ddbb860f6ea7072008f8b
  Running setup.py bdist_wheel for scandir ... done
  Stored in directory: /home/paolo/.cache/pip/wheels/6e/33/69/090d9633efb6fe3c8077c40e1676819ed8d5a59b41cc9a5bea
  Running setup.py bdist_wheel for configparser ... done
  Stored in directory: /home/paolo/.cache/pip/wheels/1c/bd/b4/277af3f6c40645661b4cd1c21df26aca0f2e1e9714a1d4cda8
Successfully built plotly numpydoc bokeh py-cpuinfo statistics pathlib PyYAML simplegeneric pandocfilters scandir configparser
Installing collected packages: py-cpuinfo, docutils, statistics, pathlib, pytest-benchmark, sphinxcontrib-websupport, typing, Pygments, imagesize, babel, snowballstemmer, alabaster, Sphinx, enum34, ipython-genutils, traitlets, jupyter-core, nbformat, scandir, pathlib2, pickleshare, simplegeneric, backports.shutil-get-terminal-size, ptyprocess, pexpect, wcwidth, prompt-toolkit, ipython, pyzmq, jupyter-client, ipykernel, webencodings, html5lib, bleach, mistune, testpath, configparser, entrypoints, pandocfilters, nbconvert, terminado, notebook, widgetsnbextension, ipywidgets, plotly, coverage, pytest-cov, futures, ipyparallel, lxml, jupyter-console, qtconsole, jupyter, python-libsbml, numpydoc, PyYAML, bokeh, redis
Successfully installed PyYAML-3.12 Pygments-2.2.0 Sphinx-1.6.5 alabaster-0.7.10 babel-2.5.1 backports.shutil-get-terminal-size-1.0.0 bleach-2.1.1 bokeh-0.12.1 configparser-3.5.0 coverage-4.4.2 docutils-0.14 entrypoints-0.2.3 enum34-1.1.6 futures-3.1.1 html5lib-1.0b10 imagesize-0.7.1 ipykernel-4.6.1 ipyparallel-6.0.2 ipython-5.5.0 ipython-genutils-0.2.0 ipywidgets-7.0.5 jupyter-1.0.0 jupyter-client-5.1.0 jupyter-console-5.2.0 jupyter-core-4.4.0 lxml-4.1.1 mistune-0.8.1 nbconvert-5.3.1 nbformat-4.4.0 notebook-5.2.1 numpydoc-0.7.0 pandocfilters-1.4.2 pathlib-1.0.1 pathlib2-2.3.0 pexpect-4.3.0 pickleshare-0.7.4 plotly-2.2.1 prompt-toolkit-1.0.15 ptyprocess-0.5.2 py-cpuinfo-3.3.0 pytest-benchmark-3.1.1 pytest-cov-2.5.1 python-libsbml-5.15.0 pyzmq-16.0.3 qtconsole-4.3.1 redis-2.10.6 scandir-1.6 simplegeneric-0.8.1 snowballstemmer-1.2.1 sphinxcontrib-websupport-1.0.1 statistics-1.0.3.5 terminado-0.7 testpath-0.3.1 traitlets-4.3.2 typing-3.6.2 wcwidth-0.1.7 webencodings-0.5.1 widgetsnbextension-3.0.8
